\BOOKMARK [0][-]{contents_bookmark.0}{\376\377\000C\000o\000n\000t\000e\000n\000t\000s}{}% 1
\BOOKMARK [0][-]{section*.5}{\376\377\000A\000b\000s\000t\000r\000a\000c\000t}{}% 2
\BOOKMARK [0][-]{section*.7}{\376\377\000Z\000u\000s\000a\000m\000m\000e\000n\000f\000a\000s\000s\000u\000n\000g}{}% 3
\BOOKMARK [0][-]{section*.9}{\376\377\000L\000i\000s\000t\000\040\000o\000f\000\040\000T\000a\000b\000l\000e\000s}{}% 4
\BOOKMARK [0][-]{section*.11}{\376\377\000L\000i\000s\000t\000\040\000o\000f\000\040\000F\000i\000g\000u\000r\000e\000s}{}% 5
\BOOKMARK [0][-]{chapter.1}{\376\377\0001\000\040\000I\000n\000t\000r\000o\000d\000u\000c\000t\000i\000o\000n}{}% 6
\BOOKMARK [1][-]{section.1.1}{\376\377\0001\000.\0001\000\040\000M\000o\000t\000i\000v\000a\000t\000i\000o\000n}{chapter.1}% 7
\BOOKMARK [1][-]{section.1.2}{\376\377\0001\000.\0002\000\040\000O\000b\000j\000e\000c\000t\000i\000v\000e\000s}{chapter.1}% 8
\BOOKMARK [1][-]{section.1.3}{\376\377\0001\000.\0003\000\040\000S\000c\000o\000p\000e\000\040\000a\000n\000d\000\040\000L\000i\000m\000i\000t\000a\000t\000i\000o\000n\000s}{chapter.1}% 9
\BOOKMARK [0][-]{chapter.2}{\376\377\0002\000\040\000B\000a\000c\000k\000g\000r\000o\000u\000n\000d\000\040\000a\000n\000d\000\040\000R\000e\000l\000a\000t\000e\000d\000\040\000W\000o\000r\000k}{}% 10
\BOOKMARK [1][-]{section.2.1}{\376\377\0002\000.\0001\000\040\000F\000u\000n\000d\000a\000m\000e\000n\000t\000a\000l\000s\000\040\000a\000n\000d\000\040\000C\000a\000p\000a\000b\000i\000l\000i\000t\000i\000e\000s\000\040\000o\000f\000\040\000M\000a\000s\000s\000\040\000S\000p\000e\000c\000t\000r\000o\000m\000e\000t\000r\000y}{chapter.2}% 11
\BOOKMARK [1][-]{section.2.2}{\376\377\0002\000.\0002\000\040\000P\000r\000i\000n\000c\000i\000p\000l\000e\000s\000\040\000o\000f\000\040\000M\000a\000s\000s\000\040\000S\000p\000e\000c\000t\000r\000o\000m\000e\000t\000r\000y}{chapter.2}% 12
\BOOKMARK [2][-]{subsection.2.2.1}{\376\377\0002\000.\0002\000.\0001\000\040\000I\000o\000n\000i\000z\000a\000t\000i\000o\000n\000\040\000a\000n\000d\000\040\000F\000r\000a\000g\000m\000e\000n\000t\000a\000t\000i\000o\000n}{section.2.2}% 13
\BOOKMARK [2][-]{subsection.2.2.2}{\376\377\0002\000.\0002\000.\0002\000\040\000M\000a\000s\000s\000\040\000A\000n\000a\000l\000y\000z\000e\000r\000s}{section.2.2}% 14
\BOOKMARK [2][-]{subsection.2.2.3}{\376\377\0002\000.\0002\000.\0003\000\040\000D\000e\000t\000e\000c\000t\000i\000o\000n}{section.2.2}% 15
\BOOKMARK [2][-]{subsection.2.2.4}{\376\377\0002\000.\0002\000.\0004\000\040\000M\000a\000n\000u\000a\000l\000\040\000I\000n\000t\000e\000r\000p\000r\000e\000t\000a\000t\000i\000o\000n\000\040\000o\000f\000\040\000t\000h\000e\000\040\000M\000S\000\040\000S\000p\000e\000c\000t\000r\000u\000m}{section.2.2}% 16
\BOOKMARK [2][-]{subsection.2.2.5}{\376\377\0002\000.\0002\000.\0005\000\040\000R\000e\000a\000c\000t\000i\000o\000n\000s\000\040\000i\000n\000\040\000E\000l\000e\000c\000t\000r\000o\000n\000\040\000I\000o\000n\000i\000z\000a\000t\000i\000o\000n}{section.2.2}% 17
\BOOKMARK [1][-]{section.2.3}{\376\377\0002\000.\0003\000\040\000C\000o\000m\000p\000u\000t\000a\000t\000i\000o\000n\000a\000l\000\040\000M\000a\000s\000s\000\040\000S\000p\000e\000c\000t\000r\000o\000m\000e\000t\000r\000y}{chapter.2}% 18
\BOOKMARK [2][-]{subsection.2.3.1}{\376\377\0002\000.\0003\000.\0001\000\040\000L\000i\000b\000r\000a\000r\000y\000\040\000S\000e\000a\000r\000c\000h}{section.2.3}% 19
\BOOKMARK [2][-]{subsection.2.3.2}{\376\377\0002\000.\0003\000.\0002\000\040\000I\000n\000\040\000S\000i\000l\000i\000c\000o\000\040\000F\000r\000a\000g\000m\000e\000n\000t\000a\000t\000i\000o\000n}{section.2.3}% 20
\BOOKMARK [2][-]{subsection.2.3.3}{\376\377\0002\000.\0003\000.\0003\000\040\000D\000e\000\040\000N\000o\000v\000o\000\040\000S\000t\000r\000u\000c\000t\000u\000r\000e\000\040\000P\000r\000e\000d\000i\000c\000t\000i\000o\000n}{section.2.3}% 21
\BOOKMARK [2][-]{subsection.2.3.4}{\376\377\0002\000.\0003\000.\0004\000\040\000F\000i\000r\000s\000t\000\040\000P\000r\000i\000n\000c\000i\000p\000l\000e\000s}{section.2.3}% 22
\BOOKMARK [1][-]{section.2.4}{\376\377\0002\000.\0004\000\040\000C\000o\000m\000p\000u\000t\000a\000t\000i\000o\000n\000a\000l\000\040\000R\000e\000p\000r\000e\000s\000e\000n\000t\000a\000t\000i\000o\000n\000s\000\040\000o\000f\000\040\000M\000o\000l\000e\000c\000u\000l\000e\000s\000\040\000a\000n\000d\000\040\000R\000e\000a\000c\000t\000i\000o\000n\000s}{chapter.2}% 23
\BOOKMARK [2][-]{subsection.2.4.1}{\376\377\0002\000.\0004\000.\0001\000\040\000M\000o\000l\000e\000c\000u\000l\000a\000r\000\040\000G\000r\000a\000p\000h\000s}{section.2.4}% 24
\BOOKMARK [2][-]{subsection.2.4.2}{\376\377\0002\000.\0004\000.\0002\000\040\000C\000h\000e\000m\000i\000c\000a\000l\000\040\000G\000r\000a\000p\000h\000\040\000T\000r\000a\000n\000s\000f\000o\000r\000m\000a\000t\000i\000o\000n\000\040\000S\000y\000s\000t\000e\000m\000s}{section.2.4}% 25
\BOOKMARK [1][-]{section.2.5}{\376\377\0002\000.\0005\000\040\000M\000a\000c\000h\000i\000n\000e\000\040\000L\000e\000a\000r\000n\000i\000n\000g\000\040\000i\000n\000\040\000M\000a\000s\000s\000\040\000S\000p\000e\000c\000t\000r\000o\000m\000e\000t\000r\000y}{chapter.2}% 26
\BOOKMARK [2][-]{subsection.2.5.1}{\376\377\0002\000.\0005\000.\0001\000\040\000P\000r\000o\000b\000l\000e\000m\000\040\000F\000o\000r\000m\000u\000l\000a\000t\000i\000o\000n\000s}{section.2.5}% 27
\BOOKMARK [2][-]{subsection.2.5.2}{\376\377\0002\000.\0005\000.\0002\000\040\000C\000a\000s\000e\000\040\000S\000t\000u\000d\000y\000:\000\040\000G\000e\000n\000e\000r\000a\000t\000i\000n\000g\000\040\000M\000o\000l\000e\000c\000u\000l\000a\000r\000\040\000F\000r\000a\000g\000m\000e\000n\000t\000a\000t\000i\000o\000n\000\040\000G\000r\000a\000p\000h\000s\000\040\000w\000i\000t\000h\000\040\000A\000u\000t\000o\000r\000e\000g\000r\000e\000s\000s\000i\000v\000e\000\040\000N\000e\000u\000r\000a\000l\000\040\000N\000e\000t\000w\000o\000r\000k\000s}{section.2.5}% 28
\BOOKMARK [1][-]{section.2.6}{\376\377\0002\000.\0006\000\040\000I\000n\000t\000e\000r\000p\000r\000e\000t\000a\000b\000i\000l\000i\000t\000y\000\040\000i\000n\000\040\000C\000h\000e\000m\000i\000c\000a\000l\000\040\000M\000a\000c\000h\000i\000n\000e\000\040\000L\000e\000a\000r\000n\000i\000n\000g}{chapter.2}% 29
\BOOKMARK [2][-]{subsection.2.6.1}{\376\377\0002\000.\0006\000.\0001\000\040\000W\000h\000y\000\040\000I\000n\000t\000e\000r\000p\000r\000e\000t\000a\000b\000i\000l\000i\000t\000y\000\040\000M\000a\000t\000t\000e\000r\000s}{section.2.6}% 30
\BOOKMARK [2][-]{subsection.2.6.2}{\376\377\0002\000.\0006\000.\0002\000\040\000C\000l\000a\000s\000s\000i\000c\000\040\000a\000n\000d\000\040\000G\000e\000n\000e\000r\000a\000l\000\040\000I\000n\000t\000e\000r\000p\000r\000e\000t\000a\000b\000i\000l\000i\000t\000y\000\040\000M\000e\000t\000h\000o\000d\000s}{section.2.6}% 31
\BOOKMARK [2][-]{subsection.2.6.3}{\376\377\0002\000.\0006\000.\0003\000\040\000E\000v\000a\000l\000u\000a\000t\000i\000o\000n\000\040\000o\000f\000\040\000E\000x\000p\000l\000a\000n\000a\000t\000i\000o\000n\000s}{section.2.6}% 32
\BOOKMARK [0][-]{chapter.3}{\376\377\0003\000\040\000D\000a\000t\000a\000\040\000a\000n\000d\000\040\000R\000e\000p\000r\000e\000s\000e\000n\000t\000a\000t\000i\000o\000n}{}% 33
\BOOKMARK [1][-]{section.3.1}{\376\377\0003\000.\0001\000\040\000D\000a\000t\000a\000s\000e\000t\000s}{chapter.3}% 34
\BOOKMARK [2][-]{subsection.3.1.1}{\376\377\0003\000.\0001\000.\0001\000\040\000P\000u\000b\000l\000i\000c\000\040\000D\000a\000t\000a\000b\000a\000s\000e\000s}{section.3.1}% 35
\BOOKMARK [2][-]{subsection.3.1.2}{\376\377\0003\000.\0001\000.\0002\000\040\000C\000u\000s\000t\000o\000m\000\040\000D\000a\000t\000a\000s\000e\000t\000\040\000C\000o\000n\000s\000t\000r\000u\000c\000t\000i\000o\000n}{section.3.1}% 36
\BOOKMARK [1][-]{section.3.2}{\376\377\0003\000.\0002\000\040\000P\000r\000e\000p\000r\000o\000c\000e\000s\000s\000i\000n\000g\000\040\000-\000\040\000G\000e\000n\000e\000r\000a\000t\000i\000n\000g\000\040\000t\000h\000e\000\040\000S\000y\000n\000t\000h\000e\000t\000i\000c\000\040\000D\000a\000t\000a}{chapter.3}% 37
\BOOKMARK [2][-]{subsection.3.2.1}{\376\377\0003\000.\0002\000.\0001\000\040\000m\000o\000d\000\040\000S\000t\000r\000a\000t\000e\000g\000y}{section.3.2}% 38
\BOOKMARK [2][-]{subsection.3.2.2}{\376\377\0003\000.\0002\000.\0002\000\040\000c\000o\000m\000p\000u\000t\000a\000t\000i\000o\000n\000\040\000t\000i\000m\000e\000s}{section.3.2}% 39
\BOOKMARK [1][-]{section.3.3}{\376\377\0003\000.\0003\000\040\000L\000a\000t\000e\000n\000d\000\040\000R\000e\000p\000r\000e\000s\000e\000n\000t\000a\000t\000i\000o\000n\000\040\000S\000c\000h\000e\000m\000e\000s}{chapter.3}% 40
\BOOKMARK [2][-]{subsection.3.3.1}{\376\377\0003\000.\0003\000.\0001\000\040\000M\000o\000l\000e\000c\000u\000l\000a\000r\000\040\000G\000r\000a\000p\000h\000\040\000E\000n\000c\000o\000d\000i\000n\000g}{section.3.3}% 41
\BOOKMARK [2][-]{subsection.3.3.2}{\376\377\0003\000.\0003\000.\0002\000\040\000F\000r\000a\000g\000m\000e\000n\000t\000\040\000G\000r\000a\000p\000h\000\040\000R\000e\000p\000r\000e\000s\000e\000n\000t\000a\000t\000i\000o\000n}{section.3.3}% 42
\BOOKMARK [2][-]{subsection.3.3.3}{\376\377\0003\000.\0003\000.\0003\000\040\000S\000p\000e\000c\000t\000r\000a\000l\000\040\000V\000e\000c\000t\000o\000r\000\040\000a\000n\000d\000\040\000E\000m\000b\000e\000d\000d\000i\000n\000g\000\040\000R\000e\000p\000r\000e\000s\000e\000n\000t\000a\000t\000i\000o\000n}{section.3.3}% 43
\BOOKMARK [2][-]{subsection.3.3.4}{\376\377\0003\000.\0003\000.\0004\000\040\000F\000r\000a\000g\000m\000e\000n\000t\040\023\000S\000p\000e\000c\000t\000r\000u\000m\000\040\000M\000a\000p\000p\000i\000n\000g}{section.3.3}% 44
\BOOKMARK [0][-]{chapter.4}{\376\377\0004\000\040\000M\000o\000d\000e\000l\000\040\000A\000r\000c\000h\000i\000t\000e\000c\000t\000u\000r\000e}{}% 45
\BOOKMARK [1][-]{section.4.1}{\376\377\0004\000.\0001\000\040\000O\000v\000e\000r\000v\000i\000e\000w\000\040\000o\000f\000\040\000t\000h\000e\000\040\000L\000e\000a\000r\000n\000i\000n\000g\000\040\000F\000r\000a\000m\000e\000w\000o\000r\000k}{chapter.4}% 46
\BOOKMARK [1][-]{section.4.2}{\376\377\0004\000.\0002\000\040\000F\000o\000r\000w\000a\000r\000d\000\040\000M\000o\000d\000e\000l\000:\000\040\000S\000t\000r\000u\000c\000t\000u\000r\000e\000-\000t\000o\000-\000S\000p\000e\000c\000t\000r\000u\000m\000\040\000P\000r\000e\000d\000i\000c\000t\000i\000o\000n}{chapter.4}% 47
\BOOKMARK [2][-]{subsection.4.2.1}{\376\377\0004\000.\0002\000.\0001\000\040\000G\000N\000N\000-\000B\000a\000s\000e\000d\000\040\000E\000n\000c\000o\000d\000e\000r}{section.4.2}% 48
\BOOKMARK [2][-]{subsection.4.2.2}{\376\377\0004\000.\0002\000.\0002\000\040\000F\000r\000a\000g\000m\000e\000n\000t\000\040\000P\000r\000e\000d\000i\000c\000t\000o\000r\000\040\000o\000r\000\040\000S\000p\000e\000c\000t\000r\000a\000l\000\040\000G\000e\000n\000e\000r\000a\000t\000o\000r}{section.4.2}% 49
\BOOKMARK [1][-]{section.4.3}{\376\377\0004\000.\0003\000\040\000B\000a\000c\000k\000w\000a\000r\000d\000\040\000M\000o\000d\000e\000l\000:\000\040\000S\000p\000e\000c\000t\000r\000u\000m\000-\000t\000o\000-\000S\000t\000r\000u\000c\000t\000u\000r\000e\000\040\000R\000e\000c\000o\000n\000s\000t\000r\000u\000c\000t\000i\000o\000n}{chapter.4}% 50
\BOOKMARK [2][-]{subsection.4.3.1}{\376\377\0004\000.\0003\000.\0001\000\040\000R\000e\000i\000n\000f\000o\000r\000c\000e\000m\000e\000n\000t\000\040\000L\000e\000a\000r\000n\000i\000n\000g\000\040\000E\000n\000v\000i\000r\000o\000n\000m\000e\000n\000t}{section.4.3}% 51
\BOOKMARK [2][-]{subsection.4.3.2}{\376\377\0004\000.\0003\000.\0002\000\040\000R\000e\000w\000a\000r\000d\000\040\000D\000e\000s\000i\000g\000n\000\040\000a\000n\000d\000\040\000S\000h\000a\000p\000i\000n\000g}{section.4.3}% 52
\BOOKMARK [1][-]{section.4.4}{\376\377\0004\000.\0004\000\040\000B\000i\000d\000i\000r\000e\000c\000t\000i\000o\000n\000l\000l\000i\000t\000y}{chapter.4}% 53
\BOOKMARK [1][-]{section.4.5}{\376\377\0004\000.\0005\000\040\000I\000n\000t\000e\000g\000r\000a\000t\000i\000o\000n\000\040\000o\000f\000\040\000M\000\330\000D\000\040\000H\000y\000p\000e\000r\000g\000r\000a\000p\000h\000\040\000D\000e\000r\000i\000v\000a\000t\000i\000o\000n\000s}{chapter.4}% 54
\BOOKMARK [0][-]{chapter.5}{\376\377\0005\000\040\000E\000x\000p\000e\000r\000i\000m\000e\000n\000t\000s\000\040\000a\000n\000d\000\040\000E\000v\000a\000l\000u\000a\000t\000i\000o\000n}{}% 55
\BOOKMARK [1][-]{section.5.1}{\376\377\0005\000.\0001\000\040\000E\000x\000p\000e\000r\000i\000m\000e\000n\000t\000a\000l\000\040\000S\000e\000t\000u\000p}{chapter.5}% 56
\BOOKMARK [2][-]{subsection.5.1.1}{\376\377\0005\000.\0001\000.\0001\000\040\000D\000a\000t\000a\000\040\000S\000p\000l\000i\000t\000s\000\040\000a\000n\000d\000\040\000T\000r\000a\000i\000n\000i\000n\000g\000\040\000P\000r\000o\000t\000o\000c\000o\000l\000s}{section.5.1}% 57
\BOOKMARK [2][-]{subsection.5.1.2}{\376\377\0005\000.\0001\000.\0002\000\040\000E\000v\000a\000l\000u\000a\000t\000i\000o\000n\000\040\000M\000e\000t\000r\000i\000c\000s}{section.5.1}% 58
\BOOKMARK [1][-]{section.5.2}{\376\377\0005\000.\0002\000\040\000F\000o\000r\000w\000a\000r\000d\000\040\000M\000o\000d\000e\000l\000\040\000E\000v\000a\000l\000u\000a\000t\000i\000o\000n}{chapter.5}% 59
\BOOKMARK [2][-]{subsection.5.2.1}{\376\377\0005\000.\0002\000.\0001\000\040\000S\000p\000e\000c\000t\000r\000a\000l\000\040\000S\000i\000m\000i\000l\000a\000r\000i\000t\000y\000\040\000a\000n\000d\000\040\000F\000r\000a\000g\000m\000e\000n\000t\000\040\000P\000r\000e\000d\000i\000c\000t\000i\000o\000n}{section.5.2}% 60
\BOOKMARK [1][-]{section.5.3}{\376\377\0005\000.\0003\000\040\000B\000a\000c\000k\000w\000a\000r\000d\000\040\000M\000o\000d\000e\000l\000\040\000E\000v\000a\000l\000u\000a\000t\000i\000o\000n}{chapter.5}% 61
\BOOKMARK [2][-]{subsection.5.3.1}{\376\377\0005\000.\0003\000.\0001\000\040\000S\000t\000r\000u\000c\000t\000u\000r\000e\000\040\000R\000e\000c\000o\000n\000s\000t\000r\000u\000c\000t\000i\000o\000n\000\040\000a\000n\000d\000\040\000V\000a\000l\000i\000d\000i\000t\000y}{section.5.3}% 62
\BOOKMARK [2][-]{subsection.5.3.2}{\376\377\0005\000.\0003\000.\0002\000\040\000R\000e\000w\000a\000r\000d\000\040\000C\000o\000n\000v\000e\000r\000g\000e\000n\000c\000e\000\040\000a\000n\000d\000\040\000E\000x\000p\000l\000o\000r\000a\000t\000i\000o\000n\000\040\000E\000f\000f\000i\000c\000i\000e\000n\000c\000y}{section.5.3}% 63
\BOOKMARK [1][-]{section.5.4}{\376\377\0005\000.\0004\000\040\000A\000b\000l\000a\000t\000i\000o\000n\000\040\000S\000t\000u\000d\000i\000e\000s}{chapter.5}% 64
\BOOKMARK [1][-]{section.5.5}{\376\377\0005\000.\0005\000\040\000C\000o\000m\000p\000a\000r\000i\000s\000o\000n\000\040\000w\000i\000t\000h\000\040\000B\000a\000s\000e\000l\000i\000n\000e\000\040\000M\000o\000d\000e\000l\000s}{chapter.5}% 65
\BOOKMARK [0][-]{chapter.6}{\376\377\0006\000\040\000D\000i\000s\000c\000u\000s\000s\000i\000o\000n}{}% 66
\BOOKMARK [1][-]{section.6.1}{\376\377\0006\000.\0001\000\040\000B\000e\000n\000e\000f\000i\000t\000s\000\040\000o\000f\000\040\000F\000r\000a\000g\000m\000e\000n\000t\000-\000A\000w\000a\000r\000e\000\040\000M\000o\000d\000e\000l\000i\000n\000g}{chapter.6}% 67
\BOOKMARK [1][-]{section.6.2}{\376\377\0006\000.\0002\000\040\000C\000h\000a\000l\000l\000e\000n\000g\000e\000s}{chapter.6}% 68
\BOOKMARK [1][-]{section.6.3}{\376\377\0006\000.\0003\000\040\000p\000o\000t\000e\000n\000t\000i\000a\000l\000\040\000i\000m\000p\000r\000o\000v\000e\000m\000e\000n\000t\000s\000\040\000\046\000\040\000f\000u\000t\000u\000r\000e\000\040\000w\000o\000r\000k}{chapter.6}% 69
\BOOKMARK [1][-]{section.6.4}{\376\377\0006\000.\0004\000\040\000S\000u\000m\000m\000a\000r\000y\000\040\000o\000f\000\040\000C\000o\000n\000t\000r\000i\000b\000u\000t\000i\000o\000n\000s}{chapter.6}% 70
\BOOKMARK [0][-]{section*.39}{\376\377\000B\000i\000b\000l\000i\000o\000g\000r\000a\000p\000h\000y}{}% 71
\BOOKMARK [0][-]{appendix.A}{\376\377\000A\000\040\000M\000y\000\040\000a\000p\000p\000e\000n\000d\000i\000x}{}% 72
\BOOKMARK [1][-]{section.A.1}{\376\377\000A\000.\0001\000\040\000M\000\330\000D\000\040\000R\000u\000l\000e\000\040\000S\000e\000t\000s\000\040\000a\000n\000d\000\040\000S\000t\000r\000a\000t\000e\000g\000y\000\040\000D\000e\000f\000i\000n\000i\000t\000i\000o\000n\000s}{appendix.A}% 73
\BOOKMARK [1][-]{section.A.2}{\376\377\000A\000.\0002\000\040\000H\000y\000p\000e\000r\000p\000a\000r\000a\000m\000e\000t\000e\000r\000\040\000T\000a\000b\000l\000e\000s\000\040\000a\000n\000d\000\040\000C\000o\000n\000f\000i\000g\000u\000r\000a\000t\000i\000o\000n\000s}{appendix.A}% 74
\BOOKMARK [1][-]{section.A.3}{\376\377\000A\000.\0003\000\040\000G\000i\000t\000h\000u\000b\000\040\000R\000e\000p\000o\000s\000i\000t\000o\000r\000y}{appendix.A}% 75
