##LiSC job info: the temporary directory of your job is also available read-only until 3 days after job end on the login nodes (login01/login02) under this path: /lisc/slurm/node-g05/tmp/slurm-2600051
1 threads requested
Using 1 threads
WARNING: No viable geometries for O with bonds S = 2.
WARNING: No viable geometries for O with bonds S = 2.
WARNING: No viable geometries for O with bonds S = 2.
WARNING: No viable geometries for O with bonds S = 2.
WARNING: No viable geometries for O with bonds S = 2.
WARNING: No viable geometries for O with bonds S = 2.

mol spectrum of glucose

forward

  Forward dump /lisc/home/user/reiser/Nextcloud/studium/computationalScience/thesis/mol/data/processed/fwd/glucose.dmp exists, skipping...
DG loading: loaded rule 'deprotonation radical §Y2, term' isomorphic to existing rule 'deprotonation radical §Y2, term'.
DG loading: loaded rule 'deprotonation proton §Y2, term' isomorphic to existing rule 'deprotonation proton §Y2, term'.
DG loading: loaded rule 'radical induced (alpha-)clevage for a saturated site 4.10 §Y1, term' isomorphic to existing rule 'radical induced (alpha-)clevage for a saturated site 4.10 §Y1, term'.
DG loading: loaded rule 'radical induced (alpha-)clevage for a alkene charge left 4.12_1 §R1, term' isomorphic to existing rule 'radical induced (alpha-)clevage for a alkene charge left 4.12_1 §R1, term'.
DG loading: loaded rule 'radical induced (alpha-)clevage for a alkene 4.15 prod 1 right charge, term' isomorphic to existing rule 'radical induced (alpha-)clevage for a alkene charge left 4.12_1 §R1, term'.
DG loading: loaded rule 'radical induced (alpha-)clevage for a alkene 4.15 prod 2 right charge, term' isomorphic to existing rule 'radical induced (alpha-)clevage for a alkene 4.15 prod 2 right charge, term'.
DG loading: loaded rule 'inductive cleavage odd electron 1 4.18 §R1Y2, term' isomorphic to existing rule 'inductive cleavage odd electron 1 4.18 §R1Y2, term'.
DG loading: loaded rule 'inductive cleavage even electron 4.28 step 1 chemical ionization §R1, term' isomorphic to existing rule 'inductive cleavage even electron 4.28 step 1 chemical ionization §R1, term'.
DG loading: loaded rule 'inductive cleavage even electron 4.28 step 2 inductive §R1, term' isomorphic to existing rule 'inductive cleavage even electron 4.28 step 2 inductive §R1, term'.
DG loading: loaded rule 'H-migration to unsat. hetroatom and clevage of neighb. bond 4.37 rd, term' isomorphic to existing rule 'H-migration to unsat. hetroatom and clevage of neighb. bond 4.37 rd, term'.
DG loading: loaded rule 'H-migration to unsat. hetroatom and clevage of neighb. bond 4.38 ind, term' isomorphic to existing rule 'H-migration to unsat. hetroatom and clevage of neighb. bond 4.38 ind, term'.
DG loading: loaded rule 'H-migration to unsat. hetroatom and clevage of neighb. bond 4.38 ind, term' isomorphic to existing rule 'H-migration to unsat. hetroatom and clevage of neighb. bond 4.38 ind, term'.
DG loading: loaded graph 'glucose, term' isomorphic to existing graph 'g_{2}'.
DG loading: loaded graph 'p_{0,0}' isomorphic to existing graph 'g_{3}'.
DG loading: loaded graph 'p_{0,1}' isomorphic to existing graph 'g_{4}'.
DG loading: loaded graph 'p_{0,2}' isomorphic to existing graph 'g_{5}'.
DG loading: loaded graph 'p_{0,3}' isomorphic to existing graph 'g_{6}'.
DG loading: loaded graph 'p_{0,4}' isomorphic to existing graph 'g_{7}'.
DG loading: loaded graph 'p_{0,5}' isomorphic to existing graph 'g_{8}'.
DG loading: loaded graph 'p_{0,6}' isomorphic to existing graph 'g_{9}'.
DG loading: loaded graph 'p_{0,7}' isomorphic to existing graph 'g_{10}'.
DG loading: loaded graph 'p_{0,8}' isomorphic to existing graph 'g_{11}'.
DG loading: loaded graph 'p_{0,9}' isomorphic to existing graph 'g_{12}'.
DG loading: loaded graph 'p_{0,10}' isomorphic to existing graph 'g_{13}'.
DG loading: loaded graph 'p_{0,11}' isomorphic to existing graph 'g_{14}'.
DG loading: loaded graph 'p_{0,12}' isomorphic to existing graph 'g_{15}'.
DG loading: loaded graph 'p_{0,13}' isomorphic to existing graph 'g_{16}'.
DG loading: loaded graph 'p_{0,14}' isomorphic to existing graph 'g_{17}'.
DG loading: loaded graph 'p_{0,15}' isomorphic to existing graph 'g_{18}'.
DG loading: loaded graph 'p_{0,16}' isomorphic to existing graph 'g_{19}'.
DG loading: loaded graph 'p_{0,17}' isomorphic to existing graph 'g_{20}'.
DG loading: loaded graph 'p_{0,18}' isomorphic to existing graph 'g_{21}'.
DG loading: loaded graph 'p_{0,19}' isomorphic to existing graph 'g_{22}'.
DG loading: loaded graph 'p_{0,20}' isomorphic to existing graph 'g_{23}'.
DG loading: loaded graph 'p_{0,21}' isomorphic to existing graph 'g_{24}'.
DG loading: loaded graph 'p_{0,22}' isomorphic to existing graph 'g_{25}'.
DG loading: loaded graph 'p_{0,23}' isomorphic to existing graph 'g_{26}'.
DG loading: loaded graph 'p_{0,24}' isomorphic to existing graph 'g_{27}'.
DG loading: loaded graph 'p_{0,25}' isomorphic to existing graph 'g_{28}'.
DG loading: loaded graph 'p_{0,26}' isomorphic to existing graph 'g_{29}'.
DG loading: loaded graph 'p_{0,27}' isomorphic to existing graph 'g_{30}'.
DG loading: loaded graph 'p_{0,28}' isomorphic to existing graph 'g_{31}'.
DG loading: loaded graph 'p_{0,29}' isomorphic to existing graph 'g_{32}'.
DG loading: loaded graph 'p_{0,30}' isomorphic to existing graph 'g_{33}'.
DG loading: loaded graph 'p_{0,31}' isomorphic to existing graph 'g_{34}'.
DG loading: loaded graph 'p_{0,32}' isomorphic to existing graph 'g_{35}'.
DG loading: loaded graph 'p_{0,33}' isomorphic to existing graph 'g_{36}'.
DG loading: loaded graph 'p_{0,34}' isomorphic to existing graph 'g_{37}'.
DG loading: loaded graph 'p_{0,35}' isomorphic to existing graph 'g_{38}'.
DG loading: loaded graph 'p_{0,36}' isomorphic to existing graph 'g_{39}'.
DG loading: loaded graph 'p_{0,37}' isomorphic to existing graph 'g_{40}'.
DG loading: loaded graph 'p_{0,38}' isomorphic to existing graph 'g_{41}'.
DG loading: loaded graph 'p_{0,39}' isomorphic to existing graph 'g_{42}'.
DG loading: loaded graph 'p_{0,40}' isomorphic to existing graph 'g_{43}'.
DG loading: loaded graph 'p_{0,41}' isomorphic to existing graph 'g_{44}'.
DG loading: loaded graph 'p_{0,42}' isomorphic to existing graph 'g_{45}'.
DG loading: loaded graph 'p_{0,43}' isomorphic to existing graph 'g_{46}'.
DG loading: loaded graph 'p_{0,44}' isomorphic to existing graph 'g_{47}'.
DG loading: loaded graph 'p_{0,45}' isomorphic to existing graph 'g_{48}'.
DG loading: loaded graph 'p_{0,46}' isomorphic to existing graph 'g_{49}'.
DG loading: loaded graph 'p_{0,47}' isomorphic to existing graph 'g_{50}'.
DG loading: loaded graph 'p_{0,48}' isomorphic to existing graph 'g_{51}'.
DG loading: loaded graph 'p_{0,49}' isomorphic to existing graph 'g_{52}'.
DG loading: loaded graph 'p_{0,50}' isomorphic to existing graph 'g_{53}'.
DG loading: loaded graph 'p_{0,51}' isomorphic to existing graph 'g_{54}'.
DG loading: loaded graph 'p_{0,52}' isomorphic to existing graph 'g_{55}'.
DG loading: loaded graph 'p_{0,53}' isomorphic to existing graph 'g_{56}'.
DG loading: loaded graph 'p_{0,54}' isomorphic to existing graph 'g_{57}'.
DG loading: loaded graph 'p_{0,55}' isomorphic to existing graph 'g_{58}'.
DG loading: loaded graph 'p_{0,56}' isomorphic to existing graph 'g_{59}'.
DG loading: loaded graph 'p_{0,57}' isomorphic to existing graph 'g_{60}'.
DG loading: loaded graph 'p_{0,58}' isomorphic to existing graph 'g_{61}'.
DG loading: loaded graph 'p_{0,59}' isomorphic to existing graph 'g_{62}'.
DG loading: loaded graph 'p_{0,60}' isomorphic to existing graph 'g_{63}'.
DG loading: loaded graph 'p_{0,61}' isomorphic to existing graph 'g_{64}'.
DG loading: loaded graph 'p_{0,62}' isomorphic to existing graph 'g_{65}'.
DG loading: loaded graph 'p_{0,63}' isomorphic to existing graph 'g_{66}'.
DG loading: loaded graph 'p_{0,64}' isomorphic to existing graph 'g_{67}'.
DG loading: loaded graph 'p_{0,65}' isomorphic to existing graph 'g_{68}'.
DG loading: loaded graph 'p_{0,66}' isomorphic to existing graph 'g_{69}'.
DG loading: loaded graph 'p_{0,67}' isomorphic to existing graph 'g_{70}'.
DG loading: loaded graph 'p_{0,68}' isomorphic to existing graph 'g_{71}'.
DG loading: loaded graph 'p_{0,69}' isomorphic to existing graph 'g_{72}'.
DG loading: loaded graph 'p_{0,70}' isomorphic to existing graph 'g_{73}'.
DG loading: loaded graph 'p_{0,71}' isomorphic to existing graph 'g_{74}'.
DG loading: loaded graph 'p_{0,72}' isomorphic to existing graph 'g_{75}'.
DG loading: loaded graph 'p_{0,73}' isomorphic to existing graph 'g_{76}'.
DG loading: loaded graph 'p_{0,74}' isomorphic to existing graph 'g_{77}'.
DG loading: loaded graph 'p_{0,75}' isomorphic to existing graph 'g_{78}'.
DG loading: loaded graph 'p_{0,76}' isomorphic to existing graph 'g_{79}'.
DG loading: loaded graph 'p_{0,77}' isomorphic to existing graph 'g_{80}'.
DG loading: loaded graph 'p_{0,78}' isomorphic to existing graph 'g_{81}'.
DG loading: loaded graph 'p_{0,79}' isomorphic to existing graph 'g_{82}'.
DG loading: loaded graph 'p_{0,80}' isomorphic to existing graph 'g_{83}'.
DG loading: loaded graph 'p_{0,81}' isomorphic to existing graph 'g_{84}'.
DG loading: loaded graph 'p_{0,82}' isomorphic to existing graph 'g_{85}'.
DG loading: loaded graph 'p_{0,83}' isomorphic to existing graph 'g_{86}'.
DG loading: loaded graph 'p_{0,84}' isomorphic to existing graph 'g_{87}'.
DG loading: loaded graph 'p_{0,85}' isomorphic to existing graph 'g_{88}'.
DG loading: loaded graph 'p_{0,86}' isomorphic to existing graph 'g_{89}'.
DG loading: loaded graph 'p_{0,87}' isomorphic to existing graph 'g_{90}'.
DG loading: loaded graph 'p_{0,88}' isomorphic to existing graph 'g_{91}'.
DG loading: loaded graph 'p_{0,89}' isomorphic to existing graph 'g_{92}'.
DG loading: loaded graph 'p_{0,90}' isomorphic to existing graph 'g_{93}'.
DG loading: loaded graph 'p_{0,91}' isomorphic to existing graph 'g_{94}'.
DG loading: loaded graph 'p_{0,92}' isomorphic to existing graph 'g_{95}'.
DG loading: loaded graph 'p_{0,93}' isomorphic to existing graph 'g_{96}'.
DG loading: loaded graph 'p_{0,94}' isomorphic to existing graph 'g_{97}'.
DG loading: loaded graph 'p_{0,95}' isomorphic to existing graph 'g_{98}'.
DG loading: loaded graph 'p_{0,96}' isomorphic to existing graph 'g_{99}'.
DG loading: loaded graph 'p_{0,97}' isomorphic to existing graph 'g_{100}'.
DG loading: loaded graph 'p_{0,98}' isomorphic to existing graph 'g_{101}'.
DG loading: loaded graph 'p_{0,99}' isomorphic to existing graph 'g_{102}'.
DG loading: loaded graph 'p_{0,100}' isomorphic to existing graph 'g_{103}'.
DG loading: loaded graph 'p_{0,101}' isomorphic to existing graph 'g_{104}'.
DG loading: loaded graph 'p_{0,102}' isomorphic to existing graph 'g_{105}'.
DG loading: loaded graph 'p_{0,103}' isomorphic to existing graph 'g_{106}'.
DG loading: loaded graph 'p_{0,104}' isomorphic to existing graph 'g_{107}'.
DG loading: loaded graph 'p_{0,105}' isomorphic to existing graph 'g_{108}'.
DG loading: loaded graph 'p_{0,106}' isomorphic to existing graph 'g_{109}'.
DG loading: loaded graph 'p_{0,107}' isomorphic to existing graph 'g_{110}'.
DG loading: loaded graph 'p_{0,108}' isomorphic to existing graph 'g_{111}'.
DG loading: loaded graph 'p_{0,109}' isomorphic to existing graph 'g_{112}'.
DG loading: loaded graph 'p_{0,110}' isomorphic to existing graph 'g_{113}'.
DG loading: loaded graph 'p_{0,111}' isomorphic to existing graph 'g_{114}'.
DG loading: loaded graph 'p_{0,112}' isomorphic to existing graph 'g_{115}'.
DG loading: loaded graph 'p_{0,113}' isomorphic to existing graph 'g_{116}'.
DG loading: loaded graph 'p_{0,114}' isomorphic to existing graph 'g_{117}'.
DG loading: loaded graph 'p_{0,115}' isomorphic to existing graph 'g_{118}'.
DG loading: loaded graph 'p_{0,116}' isomorphic to existing graph 'g_{119}'.
DG loading: loaded graph 'p_{0,117}' isomorphic to existing graph 'g_{120}'.
DG loading: loaded graph 'p_{0,118}' isomorphic to existing graph 'g_{121}'.
DG loading: loaded graph 'p_{0,119}' isomorphic to existing graph 'g_{122}'.
DG loading: loaded graph 'p_{0,120}' isomorphic to existing graph 'g_{123}'.
DG loading: loaded graph 'p_{0,121}' isomorphic to existing graph 'g_{124}'.
DG loading: loaded graph 'p_{0,122}' isomorphic to existing graph 'g_{125}'.
DG loading: loaded graph 'p_{0,123}' isomorphic to existing graph 'g_{126}'.
DG loading: loaded graph 'p_{0,124}' isomorphic to existing graph 'g_{127}'.
DG loading: loaded graph 'p_{0,125}' isomorphic to existing graph 'g_{128}'.
DG loading: loaded graph 'p_{0,126}' isomorphic to existing graph 'g_{129}'.
DG loading: loaded graph 'p_{0,127}' isomorphic to existing graph 'g_{130}'.
DG loading: loaded graph 'p_{0,128}' isomorphic to existing graph 'g_{131}'.
DG loading: loaded graph 'p_{0,129}' isomorphic to existing graph 'g_{132}'.
DG loading: loaded graph 'p_{0,130}' isomorphic to existing graph 'g_{133}'.
DG loading: loaded graph 'p_{0,131}' isomorphic to existing graph 'g_{134}'.
DG loading: loaded graph 'p_{0,132}' isomorphic to existing graph 'g_{135}'.
DG loading: loaded graph 'p_{0,133}' isomorphic to existing graph 'g_{136}'.
DG loading: loaded graph 'p_{0,134}' isomorphic to existing graph 'g_{137}'.
DG loading: loaded graph 'p_{0,135}' isomorphic to existing graph 'g_{138}'.
DG loading: loaded graph 'p_{0,136}' isomorphic to existing graph 'g_{139}'.
DG loading: loaded graph 'p_{0,137}' isomorphic to existing graph 'g_{140}'.
DG loading: loaded graph 'p_{0,138}' isomorphic to existing graph 'g_{141}'.
DG loading: loaded graph 'p_{0,139}' isomorphic to existing graph 'g_{142}'.
DG loading: loaded graph 'p_{0,140}' isomorphic to existing graph 'g_{143}'.
DG loading: loaded graph 'p_{0,141}' isomorphic to existing graph 'g_{144}'.
DG loading: loaded graph 'p_{0,142}' isomorphic to existing graph 'g_{145}'.
DG loading: loaded graph 'p_{0,143}' isomorphic to existing graph 'g_{146}'.
DG loading: loaded graph 'p_{0,144}' isomorphic to existing graph 'g_{147}'.
DG loading: loaded graph 'p_{0,145}' isomorphic to existing graph 'g_{148}'.
DG loading: loaded graph 'p_{0,146}' isomorphic to existing graph 'g_{149}'.
DG loading: loaded graph 'p_{0,147}' isomorphic to existing graph 'g_{150}'.
DG loading: loaded graph 'p_{0,148}' isomorphic to existing graph 'g_{151}'.
DG loading: loaded graph 'p_{0,149}' isomorphic to existing graph 'g_{152}'.
DG loading: loaded graph 'p_{0,150}' isomorphic to existing graph 'g_{153}'.
DG loading: loaded graph 'p_{0,151}' isomorphic to existing graph 'g_{154}'.
DG loading: loaded graph 'p_{0,152}' isomorphic to existing graph 'g_{155}'.
DG loading: loaded graph 'p_{0,153}' isomorphic to existing graph 'g_{156}'.
DG loading: loaded graph 'p_{0,154}' isomorphic to existing graph 'g_{157}'.
DG loading: loaded graph 'p_{0,155}' isomorphic to existing graph 'g_{158}'.
DG loading: loaded graph 'p_{0,156}' isomorphic to existing graph 'g_{159}'.
DG loading: loaded graph 'p_{0,157}' isomorphic to existing graph 'g_{160}'.
DG loading: loaded graph 'p_{0,158}' isomorphic to existing graph 'g_{161}'.
DG loading: loaded graph 'p_{0,159}' isomorphic to existing graph 'g_{162}'.
DG loading: loaded graph 'p_{0,160}' isomorphic to existing graph 'g_{163}'.
DG loading: loaded graph 'p_{0,161}' isomorphic to existing graph 'g_{164}'.
DG loading: loaded graph 'p_{0,162}' isomorphic to existing graph 'g_{165}'.
DG loading: loaded graph 'p_{0,163}' isomorphic to existing graph 'g_{166}'.
DG loading: loaded graph 'p_{0,164}' isomorphic to existing graph 'g_{167}'.
DG loading: loaded graph 'p_{0,165}' isomorphic to existing graph 'g_{168}'.
DG loading: loaded graph 'p_{0,166}' isomorphic to existing graph 'g_{169}'.
DG loading: loaded graph 'p_{0,167}' isomorphic to existing graph 'g_{170}'.
DG loading: loaded graph 'p_{0,168}' isomorphic to existing graph 'g_{171}'.
DG loading: loaded graph 'p_{0,169}' isomorphic to existing graph 'g_{172}'.
DG loading: loaded graph 'p_{0,170}' isomorphic to existing graph 'g_{173}'.
DG loading: loaded graph 'p_{0,171}' isomorphic to existing graph 'g_{174}'.
DG loading: loaded graph 'p_{0,172}' isomorphic to existing graph 'g_{175}'.
DG loading: loaded graph 'p_{0,173}' isomorphic to existing graph 'g_{176}'.
DG loading: loaded graph 'p_{0,174}' isomorphic to existing graph 'g_{177}'.
DG loading: loaded graph 'p_{0,175}' isomorphic to existing graph 'g_{178}'.
DG loading: loaded graph 'p_{0,176}' isomorphic to existing graph 'g_{179}'.
DG loading: loaded graph 'p_{0,177}' isomorphic to existing graph 'g_{180}'.
DG loading: loaded graph 'p_{0,178}' isomorphic to existing graph 'g_{181}'.
DG loading: loaded graph 'p_{0,179}' isomorphic to existing graph 'g_{182}'.
DG loading: loaded graph 'p_{0,180}' isomorphic to existing graph 'g_{183}'.
DG loading: loaded graph 'p_{0,181}' isomorphic to existing graph 'g_{184}'.
DG loading: loaded graph 'p_{0,182}' isomorphic to existing graph 'g_{185}'.
DG loading: loaded graph 'p_{0,183}' isomorphic to existing graph 'g_{186}'.
DG loading: loaded graph 'p_{0,184}' isomorphic to existing graph 'g_{187}'.
DG loading: loaded graph 'p_{0,185}' isomorphic to existing graph 'g_{188}'.
DG loading: loaded graph 'p_{0,186}' isomorphic to existing graph 'g_{189}'.
DG loading: loaded graph 'p_{0,187}' isomorphic to existing graph 'g_{190}'.
DG loading: loaded graph 'p_{0,188}' isomorphic to existing graph 'g_{191}'.
DG loading: loaded graph 'p_{0,189}' isomorphic to existing graph 'g_{192}'.
DG loading: loaded graph 'p_{0,190}' isomorphic to existing graph 'g_{193}'.
DG loading: loaded graph 'p_{0,191}' isomorphic to existing graph 'g_{194}'.
DG loading: loaded graph 'p_{0,192}' isomorphic to existing graph 'g_{195}'.
DG loading: loaded graph 'p_{0,193}' isomorphic to existing graph 'g_{196}'.
DG loading: loaded graph 'p_{0,194}' isomorphic to existing graph 'g_{197}'.
DG loading: loaded graph 'p_{0,195}' isomorphic to existing graph 'g_{198}'.
DG loading: loaded graph 'p_{0,196}' isomorphic to existing graph 'g_{199}'.
DG loading: loaded graph 'p_{0,197}' isomorphic to existing graph 'g_{200}'.
DG loading: loaded graph 'p_{0,198}' isomorphic to existing graph 'g_{201}'.
DG loading: loaded graph 'p_{0,199}' isomorphic to existing graph 'g_{202}'.
DG loading: loaded graph 'p_{0,200}' isomorphic to existing graph 'g_{203}'.
DG loading: loaded graph 'p_{0,201}' isomorphic to existing graph 'g_{204}'.
DG loading: loaded graph 'p_{0,202}' isomorphic to existing graph 'g_{205}'.
DG loading: loaded graph 'p_{0,203}' isomorphic to existing graph 'g_{206}'.
DG loading: loaded graph 'p_{0,204}' isomorphic to existing graph 'g_{207}'.
DG loading: loaded graph 'p_{0,205}' isomorphic to existing graph 'g_{208}'.
DG loading: loaded graph 'p_{0,206}' isomorphic to existing graph 'g_{209}'.
DG loading: loaded graph 'p_{0,207}' isomorphic to existing graph 'g_{210}'.
DG loading: loaded graph 'p_{0,208}' isomorphic to existing graph 'g_{211}'.
DG loading: loaded graph 'p_{0,209}' isomorphic to existing graph 'g_{212}'.
DG loading: loaded graph 'p_{0,210}' isomorphic to existing graph 'g_{213}'.
DG loading: loaded graph 'p_{0,211}' isomorphic to existing graph 'g_{214}'.
DG loading: loaded graph 'p_{0,212}' isomorphic to existing graph 'g_{215}'.
DG loading: loaded graph 'p_{0,213}' isomorphic to existing graph 'g_{216}'.
DG loading: loaded graph 'p_{0,214}' isomorphic to existing graph 'g_{217}'.
DG loading: loaded graph 'p_{0,215}' isomorphic to existing graph 'g_{218}'.
DG loading: loaded graph 'p_{0,216}' isomorphic to existing graph 'g_{219}'.
DG loading: loaded graph 'p_{0,217}' isomorphic to existing graph 'g_{220}'.
DG loading: loaded graph 'p_{0,218}' isomorphic to existing graph 'g_{221}'.
DG loading: loaded graph 'p_{0,219}' isomorphic to existing graph 'g_{222}'.
DG loading: loaded graph 'p_{0,220}' isomorphic to existing graph 'g_{223}'.
DG loading: loaded graph 'p_{0,221}' isomorphic to existing graph 'g_{224}'.
DG loading: loaded graph 'p_{0,222}' isomorphic to existing graph 'g_{225}'.
DG loading: loaded graph 'p_{0,223}' isomorphic to existing graph 'g_{226}'.
DG loading: loaded graph 'p_{0,224}' isomorphic to existing graph 'g_{227}'.
DG loading: loaded graph 'p_{0,225}' isomorphic to existing graph 'g_{228}'.
DG loading: loaded graph 'p_{0,226}' isomorphic to existing graph 'g_{229}'.
DG loading: loaded graph 'p_{0,227}' isomorphic to existing graph 'g_{230}'.
DG loading: loaded graph 'p_{0,228}' isomorphic to existing graph 'g_{231}'.
DG loading: loaded graph 'p_{0,229}' isomorphic to existing graph 'g_{232}'.
DG loading: loaded graph 'p_{0,230}' isomorphic to existing graph 'g_{233}'.
DG loading: loaded graph 'p_{0,231}' isomorphic to existing graph 'g_{234}'.
DG loading: loaded graph 'p_{0,232}' isomorphic to existing graph 'g_{235}'.
DG loading: loaded graph 'p_{0,233}' isomorphic to existing graph 'g_{236}'.
DG loading: loaded graph 'p_{0,234}' isomorphic to existing graph 'g_{237}'.
DG loading: loaded graph 'p_{0,235}' isomorphic to existing graph 'g_{238}'.
DG loading: loaded graph 'p_{0,236}' isomorphic to existing graph 'g_{239}'.
DG loading: loaded graph 'p_{0,237}' isomorphic to existing graph 'g_{240}'.
DG loading: loaded graph 'p_{0,238}' isomorphic to existing graph 'g_{241}'.
DG loading: loaded graph 'p_{0,239}' isomorphic to existing graph 'g_{242}'.
DG loading: loaded graph 'p_{0,240}' isomorphic to existing graph 'g_{243}'.
DG loading: loaded graph 'p_{0,241}' isomorphic to existing graph 'g_{244}'.
DG loading: loaded graph 'p_{0,242}' isomorphic to existing graph 'g_{245}'.
DG loading: loaded graph 'p_{0,243}' isomorphic to existing graph 'g_{246}'.
DG loading: loaded graph 'p_{0,244}' isomorphic to existing graph 'g_{247}'.
DG loading: loaded graph 'p_{0,245}' isomorphic to existing graph 'g_{248}'.
DG loading: loaded graph 'p_{0,246}' isomorphic to existing graph 'g_{249}'.
DG loading: loaded graph 'p_{0,247}' isomorphic to existing graph 'g_{250}'.
DG loading: loaded graph 'p_{0,248}' isomorphic to existing graph 'g_{251}'.
DG loading: loaded graph 'p_{0,249}' isomorphic to existing graph 'g_{252}'.
DG loading: loaded graph 'p_{0,250}' isomorphic to existing graph 'g_{253}'.
DG loading: loaded graph 'p_{0,251}' isomorphic to existing graph 'g_{254}'.
DG loading: loaded graph 'p_{0,252}' isomorphic to existing graph 'g_{255}'.
DG loading: loaded graph 'p_{0,253}' isomorphic to existing graph 'g_{256}'.
DG loading: loaded graph 'p_{0,254}' isomorphic to existing graph 'g_{257}'.
DG loading: loaded graph 'p_{0,255}' isomorphic to existing graph 'g_{258}'.
DG loading: loaded graph 'p_{0,256}' isomorphic to existing graph 'g_{259}'.

backward

Traceback (most recent call last):
  File "/lisc/home/user/reiser/Nextcloud/studium/computationalScience/thesis/mol/src/data_generation/main.py", line 98, in <module>
    spectra_jdx = utils.get_spectra_from_local_jdx(molecule.name)
  File "/lisc/home/user/reiser/Nextcloud/studium/computationalScience/thesis/mol/src/data_generation/utils/spect_jdx.py", line 41, in get_spectra_from_local_jdx
    return parse_jdx(jdx_file)
  File "/lisc/home/user/reiser/Nextcloud/studium/computationalScience/thesis/mol/src/data_generation/utils/spect_jdx.py", line 10, in parse_jdx
    raise FileNotFoundError(f"JDX file not found: {file}")
FileNotFoundError: JDX file not found: /lisc/home/user/reiser/Nextcloud/studium/computationalScience/thesis/exec_scripts/ms_data/nist_spectra/glucose-Mass.jdx
srun: error: node-g05: task 0: Exited with exit code 1
Command exited with non-zero status 1
	Command being timed: "srun --cpu-bind=cores python /lisc/home/user/reiser/Nextcloud/studium/computationalScience/thesis/mol/src/data_generation/main.py --smiles OC[C@H]1O[C@@H](O)[C@H](O)[C@@H](O)[C@H]1O --name glucose --output-dir /lisc/home/user/reiser/Nextcloud/studium/computationalScience/thesis/mol/data/processed/ --number-threads 1 --subgroup-diag --avoid-reprocessing"
	User time (seconds): 0.00
	System time (seconds): 0.01
	Percent of CPU this job got: 0%
	Elapsed (wall clock) time (h:mm:ss or m:ss): 0:03.08
	Average shared text size (kbytes): 0
	Average unshared data size (kbytes): 0
	Average stack size (kbytes): 0
	Average total size (kbytes): 0
	Maximum resident set size (kbytes): 10752
	Average resident set size (kbytes): 0
	Major (requiring I/O) page faults: 0
	Minor (reclaiming a frame) page faults: 1396
	Voluntary context switches: 285
	Involuntary context switches: 11
	Swaps: 0
	File system inputs: 0
	File system outputs: 0
	Socket messages sent: 0
	Socket messages received: 0
	Signals delivered: 0
	Page size (bytes): 4096
	Exit status: 1
