##LiSC job info: the temporary directory of your job is also available read-only until 3 days after job end on the login nodes (login01/login02) under this path: /lisc/slurm/node-c05/tmp/slurm-2600065
1 threads requested
Using 1 threads

mol spectrum of oleic_acid

forward

Repeat, limit = 1
  Round 1:
  Round 1: Result subset has 35 graphs.
Repeat, limit = 5
  Round 1:
[2026-04-17T12:30:03.897] error: Detected 1 oom_kill event in StepId=2600065.0. Some of the step tasks have been OOM Killed.
srun: error: node-c05: task 0: Out Of Memory
Command exited with non-zero status 1
	Command being timed: "srun --cpu-bind=cores python /lisc/home/user/reiser/Nextcloud/studium/computationalScience/thesis/mol/src/data_generation/main.py --smiles CCCCCCC=CCCCCCCCC(=O)O --name oleic_acid --output-dir /lisc/home/user/reiser/Nextcloud/studium/computationalScience/thesis/mol/data/processed/ --number-threads 1 --subgroup-diag --avoid-reprocessing"
	User time (seconds): 0.00
	System time (seconds): 0.00
	Percent of CPU this job got: 0%
	Elapsed (wall clock) time (h:mm:ss or m:ss): 4:54.65
	Average shared text size (kbytes): 0
	Average unshared data size (kbytes): 0
	Average stack size (kbytes): 0
	Average total size (kbytes): 0
	Maximum resident set size (kbytes): 10240
	Average resident set size (kbytes): 0
	Major (requiring I/O) page faults: 9
	Minor (reclaiming a frame) page faults: 1406
	Voluntary context switches: 72
	Involuntary context switches: 8
	Swaps: 0
	File system inputs: 0
	File system outputs: 0
	Socket messages sent: 0
	Socket messages received: 0
	Signals delivered: 0
	Page size (bytes): 4096
	Exit status: 1
