##LiSC job info: the temporary directory of your job is also available read-only until 3 days after job end on the login nodes (login01/login02) under this path: /lisc/slurm/node-g06/tmp/slurm-2600078
1 threads requested
Using 1 threads

mol spectrum of uracil

forward

  Forward dump /lisc/home/user/reiser/Nextcloud/studium/computationalScience/thesis/mol/data/processed/fwd/uracil.dmp exists, skipping...
DG loading: loaded rule 'deprotonation radical §Y2, term' isomorphic to existing rule 'deprotonation radical §Y2, term'.
DG loading: loaded rule 'deprotonation proton §Y2, term' isomorphic to existing rule 'deprotonation proton §Y2, term'.
DG loading: loaded graph 'uracil, term' isomorphic to existing graph 'g_{2}'.
DG loading: loaded graph 'p_{0,0}' isomorphic to existing graph 'g_{3}'.
DG loading: loaded graph 'p_{0,1}' isomorphic to existing graph 'g_{4}'.
DG loading: loaded graph 'p_{0,2}' isomorphic to existing graph 'g_{5}'.
DG loading: loaded graph 'p_{0,3}' isomorphic to existing graph 'g_{6}'.
DG loading: loaded graph 'p_{0,4}' isomorphic to existing graph 'g_{7}'.
DG loading: loaded graph 'p_{0,5}' isomorphic to existing graph 'g_{8}'.
DG loading: loaded graph 'p_{0,6}' isomorphic to existing graph 'g_{9}'.
DG loading: loaded graph 'p_{0,7}' isomorphic to existing graph 'g_{10}'.
DG loading: loaded graph 'p_{0,8}' isomorphic to existing graph 'g_{11}'.
DG loading: loaded graph 'p_{0,9}' isomorphic to existing graph 'g_{12}'.

backward

Traceback (most recent call last):
  File "/lisc/home/user/reiser/Nextcloud/studium/computationalScience/thesis/mol/src/data_generation/main.py", line 98, in <module>
    spectra_jdx = utils.get_spectra_from_local_jdx(molecule.name)
  File "/lisc/home/user/reiser/Nextcloud/studium/computationalScience/thesis/mol/src/data_generation/utils/spect_jdx.py", line 41, in get_spectra_from_local_jdx
    return parse_jdx(jdx_file)
  File "/lisc/home/user/reiser/Nextcloud/studium/computationalScience/thesis/mol/src/data_generation/utils/spect_jdx.py", line 10, in parse_jdx
    raise FileNotFoundError(f"JDX file not found: {file}")
FileNotFoundError: JDX file not found: /lisc/home/user/reiser/Nextcloud/studium/computationalScience/thesis/exec_scripts/ms_data/nist_spectra/uracil-Mass.jdx
srun: error: node-g06: task 0: Exited with exit code 1
Command exited with non-zero status 1
	Command being timed: "srun --cpu-bind=cores python /lisc/home/user/reiser/Nextcloud/studium/computationalScience/thesis/mol/src/data_generation/main.py --smiles O=C1NC=CC(=O)N1 --name uracil --output-dir /lisc/home/user/reiser/Nextcloud/studium/computationalScience/thesis/mol/data/processed/ --number-threads 1 --subgroup-diag --avoid-reprocessing"
	User time (seconds): 0.00
	System time (seconds): 0.00
	Percent of CPU this job got: 0%
	Elapsed (wall clock) time (h:mm:ss or m:ss): 0:05.35
	Average shared text size (kbytes): 0
	Average unshared data size (kbytes): 0
	Average stack size (kbytes): 0
	Average total size (kbytes): 0
	Maximum resident set size (kbytes): 10240
	Average resident set size (kbytes): 0
	Major (requiring I/O) page faults: 0
	Minor (reclaiming a frame) page faults: 1400
	Voluntary context switches: 73
	Involuntary context switches: 9
	Swaps: 0
	File system inputs: 0
	File system outputs: 0
	Socket messages sent: 0
	Socket messages received: 0
	Signals delivered: 0
	Page size (bytes): 4096
	Exit status: 1
