##LiSC job info: the temporary directory of your job is also available read-only until 3 days after job end on the login nodes (login01/login02) under this path: /lisc/slurm/node-g04/tmp/slurm-2600119
1 threads requested
Using 1 threads

mol spectrum of carbon_monoxide

forward

Traceback (most recent call last):
  File "/lisc/home/user/reiser/Nextcloud/studium/computationalScience/thesis/mol/src/data_generation/main.py", line 54, in <module>
    for r in utils.apply_constraints(ionization, aoc)
  File "/lisc/home/user/reiser/Nextcloud/studium/computationalScience/thesis/mol/src/data_generation/utils/constrain.py", line 29, in apply_constraints
    constraint_rules.append(add_constraints(rule, constraint_string))
  File "/lisc/home/user/reiser/Nextcloud/studium/computationalScience/thesis/mol/src/data_generation/utils/constrain.py", line 68, in add_constraints
    rule = mod.Rule.fromGMLString(gmlstr[:-1] + con_string_gml + gmlstr[-1], name)
  File "/lisc/data/scratch/tbi/reiser/pyenv/lib/mod/__init__.py", line 906, in _Rule_fromGMLString
    return _ruleLoad(_Rule_fromGMLString_orig(s, invert, printStereoWarnings), name, add)
mod.libpymod.InputError: Expected 1 of String(label). Got only 0.
Could not load rule from <inline GML string>.
srun: error: node-g04: task 0: Exited with exit code 1
Command exited with non-zero status 1
	Command being timed: "srun --cpu-bind=cores python /lisc/home/user/reiser/Nextcloud/studium/computationalScience/thesis/mol/src/data_generation/main.py --smiles [C-]#[O+] --name carbon_monoxide --output-dir /lisc/home/user/reiser/Nextcloud/studium/computationalScience/thesis/mol/data/processed/ --number-threads 1 --subgroup-diag --avoid-reprocessing"
	User time (seconds): 0.00
	System time (seconds): 0.00
	Percent of CPU this job got: 0%
	Elapsed (wall clock) time (h:mm:ss or m:ss): 0:03.11
	Average shared text size (kbytes): 0
	Average unshared data size (kbytes): 0
	Average stack size (kbytes): 0
	Average total size (kbytes): 0
	Maximum resident set size (kbytes): 10752
	Average resident set size (kbytes): 0
	Major (requiring I/O) page faults: 0
	Minor (reclaiming a frame) page faults: 1396
	Voluntary context switches: 60
	Involuntary context switches: 13
	Swaps: 0
	File system inputs: 0
	File system outputs: 0
	Socket messages sent: 0
	Socket messages received: 0
	Signals delivered: 0
	Page size (bytes): 4096
	Exit status: 1
