##LiSC job info: the temporary directory of your job is also available read-only until 3 days after job end on the login nodes (login01/login02) under this path: /lisc/slurm/node-g06/tmp/slurm-2599948
1 threads requested
Using 1 threads
Traceback (most recent call last):
  File "/lisc/home/user/reiser/Nextcloud/studium/computationalScience/thesis/mol/src/data_generation/main.py", line 38, in <module>
    molecule = mod.Graph.fromSMILES(args.smiles, args.name)
  File "/lisc/data/scratch/tbi/reiser/pyenv/lib/mod/__init__.py", line 782, in _Graph_fromSMILES
    return _graphLoad(_Graph_fromSMILES_orig(                      s, allowAbstract, classPolicy, printStereoWarnings), name, add)
mod.libpymod.InputError: Error in loading from inline SMILES string.
Parsing failed at 1:64:
CCC(=O)C1=NC2=C(C=C1C=C3C(=C(C=C(N3)C4=CC=C(C=C4)C(=O)OCC)C)C)C)N(C)C
---------------------------------------------------------------^
Expected eoi.
srun: error: node-g06: task 0: Exited with exit code 1
Command exited with non-zero status 1
	Command being timed: "srun --cpu-bind=cores python /lisc/home/user/reiser/Nextcloud/studium/computationalScience/thesis/mol/src/data_generation/main.py --smiles CCC(=O)C1=NC2=C(C=C1C=C3C(=C(C=C(N3)C4=CC=C(C=C4)C(=O)OCC)C)C)C)N(C)C --name chlorophyll_a --output-dir /lisc/home/user/reiser/Nextcloud/studium/computationalScience/thesis/mol/data/processed/ --number-threads 1 --subgroup-diag --avoid-reprocessing"
	User time (seconds): 0.00
	System time (seconds): 0.00
	Percent of CPU this job got: 0%
	Elapsed (wall clock) time (h:mm:ss or m:ss): 0:03.40
	Average shared text size (kbytes): 0
	Average unshared data size (kbytes): 0
	Average stack size (kbytes): 0
	Average total size (kbytes): 0
	Maximum resident set size (kbytes): 10240
	Average resident set size (kbytes): 0
	Major (requiring I/O) page faults: 0
	Minor (reclaiming a frame) page faults: 1404
	Voluntary context switches: 50
	Involuntary context switches: 10
	Swaps: 0
	File system inputs: 0
	File system outputs: 0
	Socket messages sent: 0
	Socket messages received: 0
	Signals delivered: 0
	Page size (bytes): 4096
	Exit status: 1
