##LiSC job info: the temporary directory of your job is also available read-only until 3 days after job end on the login nodes (login01/login02) under this path: /lisc/slurm/node-h06/tmp/slurm-2600018
1 threads requested
Using 1 threads

mol spectrum of resorcinol

forward

Repeat, limit = 1
  Round 1:
  Round 1: Result subset has 14 graphs.
Repeat, limit = 5
  Round 1:
  Round 1: Result subset has 16 graphs.
  Round 2:
  Round 2: Result subset has 15 graphs.
  Round 3:
  Round 3: Result subset has 7 graphs.
  Round 4:
  Round 4: Result subset has 2 graphs.
  Round 5:
  Round 5: Result subset has 0 graphs.

backward

Traceback (most recent call last):
  File "/lisc/home/user/reiser/Nextcloud/studium/computationalScience/thesis/mol/src/data_generation/main.py", line 98, in <module>
    spectra_jdx = utils.get_spectra_from_local_jdx(molecule.name)
  File "/lisc/home/user/reiser/Nextcloud/studium/computationalScience/thesis/mol/src/data_generation/utils/spect_jdx.py", line 41, in get_spectra_from_local_jdx
    return parse_jdx(jdx_file)
  File "/lisc/home/user/reiser/Nextcloud/studium/computationalScience/thesis/mol/src/data_generation/utils/spect_jdx.py", line 10, in parse_jdx
    raise FileNotFoundError(f"JDX file not found: {file}")
FileNotFoundError: JDX file not found: /lisc/home/user/reiser/Nextcloud/studium/computationalScience/thesis/exec_scripts/ms_data/nist_spectra/resorcinol-Mass.jdx
srun: error: node-h06: task 0: Exited with exit code 1
Command exited with non-zero status 1
	Command being timed: "srun --cpu-bind=cores python /lisc/home/user/reiser/Nextcloud/studium/computationalScience/thesis/mol/src/data_generation/main.py --smiles C1=CC(=CC(=C1)O)O --name resorcinol --output-dir /lisc/home/user/reiser/Nextcloud/studium/computationalScience/thesis/mol/data/processed/ --number-threads 1 --subgroup-diag --avoid-reprocessing"
	User time (seconds): 0.00
	System time (seconds): 0.00
	Percent of CPU this job got: 0%
	Elapsed (wall clock) time (h:mm:ss or m:ss): 0:13.20
	Average shared text size (kbytes): 0
	Average unshared data size (kbytes): 0
	Average stack size (kbytes): 0
	Average total size (kbytes): 0
	Maximum resident set size (kbytes): 10240
	Average resident set size (kbytes): 0
	Major (requiring I/O) page faults: 2
	Minor (reclaiming a frame) page faults: 1399
	Voluntary context switches: 82
	Involuntary context switches: 16
	Swaps: 0
	File system inputs: 0
	File system outputs: 0
	Socket messages sent: 0
	Socket messages received: 0
	Signals delivered: 0
	Page size (bytes): 4096
	Exit status: 1
