[I 2026-04-17 13:22:08,642] A new study created in memory with name: no-name-24b548c4-4b83-4741-a9a7-640895c9b9d1
  0%|          | 0/20 [00:00<?, ?it/s]/lisc/home/user/reiser/Nextcloud/studium/computationalScience/thesis/mol/src/machine_learning/optimization/hyperparameter_optimization.py:146: FutureWarning: suggest_loguniform has been deprecated in v3.0.0. This feature will be removed in v6.0.0. See https://github.com/optuna/optuna/releases/tag/v3.0.0. Use suggest_float(..., log=True) instead.
  "learning_rate": trial.suggest_loguniform("learning_rate", 1e-5, 1e-2),
/lisc/home/user/reiser/Nextcloud/studium/computationalScience/thesis/mol/src/machine_learning/optimization/hyperparameter_optimization.py:147: FutureWarning: suggest_loguniform has been deprecated in v3.0.0. This feature will be removed in v6.0.0. See https://github.com/optuna/optuna/releases/tag/v3.0.0. Use suggest_float(..., log=True) instead.
  "weight_decay": trial.suggest_loguniform("weight_decay", 1e-6, 1e-3),
/lisc/home/user/reiser/Nextcloud/studium/computationalScience/thesis/mol/src/machine_learning/optimization/hyperparameter_optimization.py:148: FutureWarning: suggest_uniform has been deprecated in v3.0.0. This feature will be removed in v6.0.0. See https://github.com/optuna/optuna/releases/tag/v3.0.0. Use suggest_float instead.
  "dropout": trial.suggest_uniform("dropout", 0.0, 0.5),
/lisc/home/user/reiser/Nextcloud/studium/computationalScience/thesis/mol/src/machine_learning/optimization/hyperparameter_optimization.py:150: FutureWarning: suggest_uniform has been deprecated in v3.0.0. This feature will be removed in v6.0.0. See https://github.com/optuna/optuna/releases/tag/v3.0.0. Use suggest_float instead.
  "alpha_wass": trial.suggest_uniform("alpha_wass", 0.1, 2.0),
/lisc/home/user/reiser/Nextcloud/studium/computationalScience/thesis/mol/src/machine_learning/optimization/hyperparameter_optimization.py:151: FutureWarning: suggest_uniform has been deprecated in v3.0.0. This feature will be removed in v6.0.0. See https://github.com/optuna/optuna/releases/tag/v3.0.0. Use suggest_float instead.
  "alpha_cos": trial.suggest_uniform("alpha_cos", 0.1, 2.0),
/lisc/home/user/reiser/Nextcloud/studium/computationalScience/thesis/mol/src/machine_learning/optimization/hyperparameter_optimization.py:152: FutureWarning: suggest_uniform has been deprecated in v3.0.0. This feature will be removed in v6.0.0. See https://github.com/optuna/optuna/releases/tag/v3.0.0. Use suggest_float instead.
  "cycle_fwd": trial.suggest_uniform("cycle_fwd", 0.01, 1.0),
/lisc/home/user/reiser/Nextcloud/studium/computationalScience/thesis/mol/src/machine_learning/optimization/hyperparameter_optimization.py:153: FutureWarning: suggest_uniform has been deprecated in v3.0.0. This feature will be removed in v6.0.0. See https://github.com/optuna/optuna/releases/tag/v3.0.0. Use suggest_float instead.
  "cycle_bwd": trial.suggest_uniform("cycle_bwd", 0.01, 1.0),
/lisc/home/user/reiser/Nextcloud/studium/computationalScience/thesis/mol/src/machine_learning/optimization/hyperparameter_optimization.py:154: FutureWarning: suggest_uniform has been deprecated in v3.0.0. This feature will be removed in v6.0.0. See https://github.com/optuna/optuna/releases/tag/v3.0.0. Use suggest_float instead.
  "cycle_bwd_spec": trial.suggest_uniform("cycle_bwd_spec", 0.01, 1.0),
/lisc/home/user/reiser/Nextcloud/studium/computationalScience/thesis/mol/src/machine_learning/optimization/hyperparameter_optimization.py:155: FutureWarning: suggest_uniform has been deprecated in v3.0.0. This feature will be removed in v6.0.0. See https://github.com/optuna/optuna/releases/tag/v3.0.0. Use suggest_float instead.
  "curriculum_start": trial.suggest_uniform("curriculum_start", 0.1, 0.9),
/lisc/home/user/reiser/Nextcloud/studium/computationalScience/thesis/mol/src/machine_learning/optimization/hyperparameter_optimization.py:156: FutureWarning: suggest_uniform has been deprecated in v3.0.0. This feature will be removed in v6.0.0. See https://github.com/optuna/optuna/releases/tag/v3.0.0. Use suggest_float instead.
  "curriculum_step": trial.suggest_uniform("curriculum_step", 0.01, 0.2),
                                        0%|          | 0/20 [49:32<?, ?it/s]Best trial: 0. Best value: 1.9458:   0%|          | 0/20 [49:32<?, ?it/s]Best trial: 0. Best value: 1.9458:   5%|▌         | 1/20 [49:32<15:41:22, 2972.78s/it]/lisc/home/user/reiser/Nextcloud/studium/computationalScience/thesis/mol/src/machine_learning/optimization/hyperparameter_optimization.py:146: FutureWarning: suggest_loguniform has been deprecated in v3.0.0. This feature will be removed in v6.0.0. See https://github.com/optuna/optuna/releases/tag/v3.0.0. Use suggest_float(..., log=True) instead.
  "learning_rate": trial.suggest_loguniform("learning_rate", 1e-5, 1e-2),
/lisc/home/user/reiser/Nextcloud/studium/computationalScience/thesis/mol/src/machine_learning/optimization/hyperparameter_optimization.py:147: FutureWarning: suggest_loguniform has been deprecated in v3.0.0. This feature will be removed in v6.0.0. See https://github.com/optuna/optuna/releases/tag/v3.0.0. Use suggest_float(..., log=True) instead.
  "weight_decay": trial.suggest_loguniform("weight_decay", 1e-6, 1e-3),
/lisc/home/user/reiser/Nextcloud/studium/computationalScience/thesis/mol/src/machine_learning/optimization/hyperparameter_optimization.py:148: FutureWarning: suggest_uniform has been deprecated in v3.0.0. This feature will be removed in v6.0.0. See https://github.com/optuna/optuna/releases/tag/v3.0.0. Use suggest_float instead.
  "dropout": trial.suggest_uniform("dropout", 0.0, 0.5),
/lisc/home/user/reiser/Nextcloud/studium/computationalScience/thesis/mol/src/machine_learning/optimization/hyperparameter_optimization.py:150: FutureWarning: suggest_uniform has been deprecated in v3.0.0. This feature will be removed in v6.0.0. See https://github.com/optuna/optuna/releases/tag/v3.0.0. Use suggest_float instead.
  "alpha_wass": trial.suggest_uniform("alpha_wass", 0.1, 2.0),
/lisc/home/user/reiser/Nextcloud/studium/computationalScience/thesis/mol/src/machine_learning/optimization/hyperparameter_optimization.py:151: FutureWarning: suggest_uniform has been deprecated in v3.0.0. This feature will be removed in v6.0.0. See https://github.com/optuna/optuna/releases/tag/v3.0.0. Use suggest_float instead.
  "alpha_cos": trial.suggest_uniform("alpha_cos", 0.1, 2.0),
/lisc/home/user/reiser/Nextcloud/studium/computationalScience/thesis/mol/src/machine_learning/optimization/hyperparameter_optimization.py:152: FutureWarning: suggest_uniform has been deprecated in v3.0.0. This feature will be removed in v6.0.0. See https://github.com/optuna/optuna/releases/tag/v3.0.0. Use suggest_float instead.
  "cycle_fwd": trial.suggest_uniform("cycle_fwd", 0.01, 1.0),
/lisc/home/user/reiser/Nextcloud/studium/computationalScience/thesis/mol/src/machine_learning/optimization/hyperparameter_optimization.py:153: FutureWarning: suggest_uniform has been deprecated in v3.0.0. This feature will be removed in v6.0.0. See https://github.com/optuna/optuna/releases/tag/v3.0.0. Use suggest_float instead.
  "cycle_bwd": trial.suggest_uniform("cycle_bwd", 0.01, 1.0),
/lisc/home/user/reiser/Nextcloud/studium/computationalScience/thesis/mol/src/machine_learning/optimization/hyperparameter_optimization.py:154: FutureWarning: suggest_uniform has been deprecated in v3.0.0. This feature will be removed in v6.0.0. See https://github.com/optuna/optuna/releases/tag/v3.0.0. Use suggest_float instead.
  "cycle_bwd_spec": trial.suggest_uniform("cycle_bwd_spec", 0.01, 1.0),
/lisc/home/user/reiser/Nextcloud/studium/computationalScience/thesis/mol/src/machine_learning/optimization/hyperparameter_optimization.py:155: FutureWarning: suggest_uniform has been deprecated in v3.0.0. This feature will be removed in v6.0.0. See https://github.com/optuna/optuna/releases/tag/v3.0.0. Use suggest_float instead.
  "curriculum_start": trial.suggest_uniform("curriculum_start", 0.1, 0.9),
/lisc/home/user/reiser/Nextcloud/studium/computationalScience/thesis/mol/src/machine_learning/optimization/hyperparameter_optimization.py:156: FutureWarning: suggest_uniform has been deprecated in v3.0.0. This feature will be removed in v6.0.0. See https://github.com/optuna/optuna/releases/tag/v3.0.0. Use suggest_float instead.
  "curriculum_step": trial.suggest_uniform("curriculum_step", 0.01, 0.2),
                                                                                      Best trial: 0. Best value: 1.9458:   5%|▌         | 1/20 [1:38:26<15:41:22, 2972.78s/it]Best trial: 1. Best value: 1.5549:   5%|▌         | 1/20 [1:38:26<15:41:22, 2972.78s/it]Best trial: 1. Best value: 1.5549:  10%|█         | 2/20 [1:38:26<14:44:57, 2949.86s/it]/lisc/home/user/reiser/Nextcloud/studium/computationalScience/thesis/mol/src/machine_learning/optimization/hyperparameter_optimization.py:146: FutureWarning: suggest_loguniform has been deprecated in v3.0.0. This feature will be removed in v6.0.0. See https://github.com/optuna/optuna/releases/tag/v3.0.0. Use suggest_float(..., log=True) instead.
  "learning_rate": trial.suggest_loguniform("learning_rate", 1e-5, 1e-2),
/lisc/home/user/reiser/Nextcloud/studium/computationalScience/thesis/mol/src/machine_learning/optimization/hyperparameter_optimization.py:147: FutureWarning: suggest_loguniform has been deprecated in v3.0.0. This feature will be removed in v6.0.0. See https://github.com/optuna/optuna/releases/tag/v3.0.0. Use suggest_float(..., log=True) instead.
  "weight_decay": trial.suggest_loguniform("weight_decay", 1e-6, 1e-3),
/lisc/home/user/reiser/Nextcloud/studium/computationalScience/thesis/mol/src/machine_learning/optimization/hyperparameter_optimization.py:148: FutureWarning: suggest_uniform has been deprecated in v3.0.0. This feature will be removed in v6.0.0. See https://github.com/optuna/optuna/releases/tag/v3.0.0. Use suggest_float instead.
  "dropout": trial.suggest_uniform("dropout", 0.0, 0.5),
/lisc/home/user/reiser/Nextcloud/studium/computationalScience/thesis/mol/src/machine_learning/optimization/hyperparameter_optimization.py:150: FutureWarning: suggest_uniform has been deprecated in v3.0.0. This feature will be removed in v6.0.0. See https://github.com/optuna/optuna/releases/tag/v3.0.0. Use suggest_float instead.
  "alpha_wass": trial.suggest_uniform("alpha_wass", 0.1, 2.0),
/lisc/home/user/reiser/Nextcloud/studium/computationalScience/thesis/mol/src/machine_learning/optimization/hyperparameter_optimization.py:151: FutureWarning: suggest_uniform has been deprecated in v3.0.0. This feature will be removed in v6.0.0. See https://github.com/optuna/optuna/releases/tag/v3.0.0. Use suggest_float instead.
  "alpha_cos": trial.suggest_uniform("alpha_cos", 0.1, 2.0),
/lisc/home/user/reiser/Nextcloud/studium/computationalScience/thesis/mol/src/machine_learning/optimization/hyperparameter_optimization.py:152: FutureWarning: suggest_uniform has been deprecated in v3.0.0. This feature will be removed in v6.0.0. See https://github.com/optuna/optuna/releases/tag/v3.0.0. Use suggest_float instead.
  "cycle_fwd": trial.suggest_uniform("cycle_fwd", 0.01, 1.0),
/lisc/home/user/reiser/Nextcloud/studium/computationalScience/thesis/mol/src/machine_learning/optimization/hyperparameter_optimization.py:153: FutureWarning: suggest_uniform has been deprecated in v3.0.0. This feature will be removed in v6.0.0. See https://github.com/optuna/optuna/releases/tag/v3.0.0. Use suggest_float instead.
  "cycle_bwd": trial.suggest_uniform("cycle_bwd", 0.01, 1.0),
/lisc/home/user/reiser/Nextcloud/studium/computationalScience/thesis/mol/src/machine_learning/optimization/hyperparameter_optimization.py:154: FutureWarning: suggest_uniform has been deprecated in v3.0.0. This feature will be removed in v6.0.0. See https://github.com/optuna/optuna/releases/tag/v3.0.0. Use suggest_float instead.
  "cycle_bwd_spec": trial.suggest_uniform("cycle_bwd_spec", 0.01, 1.0),
/lisc/home/user/reiser/Nextcloud/studium/computationalScience/thesis/mol/src/machine_learning/optimization/hyperparameter_optimization.py:155: FutureWarning: suggest_uniform has been deprecated in v3.0.0. This feature will be removed in v6.0.0. See https://github.com/optuna/optuna/releases/tag/v3.0.0. Use suggest_float instead.
  "curriculum_start": trial.suggest_uniform("curriculum_start", 0.1, 0.9),
/lisc/home/user/reiser/Nextcloud/studium/computationalScience/thesis/mol/src/machine_learning/optimization/hyperparameter_optimization.py:156: FutureWarning: suggest_uniform has been deprecated in v3.0.0. This feature will be removed in v6.0.0. See https://github.com/optuna/optuna/releases/tag/v3.0.0. Use suggest_float instead.
  "curriculum_step": trial.suggest_uniform("curriculum_step", 0.01, 0.2),
