##LiSC job info: the temporary directory of your job is also available read-only until 3 days after job end on the login nodes (login01/login02) under this path: /lisc/slurm/node-g04/tmp/slurm-2600377
1 threads requested
Using 1 threads

mol spectrum of caproic_acid

forward

  Forward dump /lisc/home/user/reiser/Nextcloud/studium/computationalScience/thesis/mol/data/processed/fwd/caproic_acid.dmp exists, skipping...
DG loading: loaded rule 'McL ionization §Y1, term' isomorphic to existing rule 'McL ionization §Y1, term'.
DG loading: loaded rule 'deprotonation radical §Y2, term' isomorphic to existing rule 'deprotonation radical §Y2, term'.
DG loading: loaded rule 'deprotonation proton §Y2, term' isomorphic to existing rule 'deprotonation proton §Y2, term'.
DG loading: loaded rule 'H transition receptor site unsaturated §Y6, term' isomorphic to existing rule 'H transition receptor site unsaturated §Y6, term'.
DG loading: loaded rule 'H transition receptor site unsaturated §Y5, term' isomorphic to existing rule 'H transition receptor site unsaturated §Y5, term'.
DG loading: loaded rule 'H transition receptor site unsaturated §Y5, term' isomorphic to existing rule 'H transition receptor site unsaturated §Y5, term'.
DG loading: loaded rule 'H transition receptor site unsaturated §Y5, term' isomorphic to existing rule 'H transition receptor site unsaturated §Y5, term'.
DG loading: loaded rule 'radical induced (alpha-)clevage for a saturated site 4.10 §Y1, term' isomorphic to existing rule 'radical induced (alpha-)clevage for a saturated site 4.10 §Y1, term'.
DG loading: loaded rule 'radical induced (alpha-)clevage for a unsaturated heteroatom 4.11 §R1R3Y4, term' isomorphic to existing rule 'radical induced (alpha-)clevage for a unsaturated heteroatom 4.11 §R1R3Y4, term'.
DG loading: loaded rule 'inductive cleavage even electron 4.27 step 2 inductive §R1, term' isomorphic to existing rule 'inductive cleavage even electron 4.27 step 2 inductive §R1, term'.
DG loading: loaded rule 'inductive cleavage even electron 4.28 step 1 chemical ionization §R1, term' isomorphic to existing rule 'inductive cleavage even electron 4.28 step 1 chemical ionization §R1, term'.
DG loading: loaded rule 'inductive cleavage even electron 4.28 step 2 inductive §R1, term' isomorphic to existing rule 'inductive cleavage even electron 4.28 step 2 inductive §R1, term'.
DG loading: loaded rule 'H-migration to unsat. hetroatom and clevage of neighb. bond 4.37 rd, term' isomorphic to existing rule 'H-migration to unsat. hetroatom and clevage of neighb. bond 4.37 rd, term'.
DG loading: loaded rule 'H-migration to unsat. hetroatom and clevage of neighb. bond 4.38 ind, term' isomorphic to existing rule 'H-migration to unsat. hetroatom and clevage of neighb. bond 4.38 ind, term'.
DG loading: loaded rule 'H-migration to unsat. hetroatom and clevage of neighb. bond 4.38 ind, term' isomorphic to existing rule 'H-migration to unsat. hetroatom and clevage of neighb. bond 4.38 ind, term'.
DG loading: loaded rule 'H rebind Rule, term' isomorphic to existing rule 'H transition receptor site unsaturated §Y6, term'.
DG loading: loaded rule 'rearrangement Rule 1, term' isomorphic to existing rule 'rearrangement Rule 1, term'.
DG loading: loaded rule 'rearrangement Rule 2, term' isomorphic to existing rule 'rearrangement Rule 2, term'.
DG loading: loaded rule 'rearrangment Rule 3, term' isomorphic to existing rule 'rearrangment Rule 3, term'.
DG loading: loaded graph 'caproic_acid, term' isomorphic to existing graph 'g_{2}'.
DG loading: loaded graph 'p_{0,0}' isomorphic to existing graph 'g_{3}'.
DG loading: loaded graph 'p_{0,1}' isomorphic to existing graph 'g_{4}'.
DG loading: loaded graph 'p_{0,2}' isomorphic to existing graph 'g_{5}'.
DG loading: loaded graph 'p_{0,3}' isomorphic to existing graph 'g_{6}'.
DG loading: loaded graph 'p_{0,4}' isomorphic to existing graph 'g_{7}'.
DG loading: loaded graph 'p_{0,5}' isomorphic to existing graph 'g_{8}'.
DG loading: loaded graph 'p_{0,6}' isomorphic to existing graph 'g_{9}'.
DG loading: loaded graph 'p_{0,7}' isomorphic to existing graph 'g_{10}'.
DG loading: loaded graph 'p_{0,8}' isomorphic to existing graph 'g_{11}'.
DG loading: loaded graph 'p_{0,9}' isomorphic to existing graph 'g_{12}'.
DG loading: loaded graph 'p_{0,10}' isomorphic to existing graph 'g_{13}'.
DG loading: loaded graph 'p_{0,11}' isomorphic to existing graph 'g_{14}'.
DG loading: loaded graph 'p_{0,12}' isomorphic to existing graph 'g_{15}'.
DG loading: loaded graph 'p_{0,13}' isomorphic to existing graph 'g_{16}'.
DG loading: loaded graph 'p_{0,14}' isomorphic to existing graph 'g_{17}'.
DG loading: loaded graph 'p_{0,15}' isomorphic to existing graph 'g_{18}'.
DG loading: loaded graph 'p_{0,16}' isomorphic to existing graph 'g_{19}'.
DG loading: loaded graph 'p_{0,17}' isomorphic to existing graph 'g_{20}'.
DG loading: loaded graph 'p_{0,18}' isomorphic to existing graph 'g_{21}'.
DG loading: loaded graph 'p_{0,19}' isomorphic to existing graph 'g_{22}'.
DG loading: loaded graph 'p_{0,20}' isomorphic to existing graph 'g_{23}'.
DG loading: loaded graph 'p_{0,21}' isomorphic to existing graph 'g_{24}'.
DG loading: loaded graph 'p_{0,22}' isomorphic to existing graph 'g_{25}'.
DG loading: loaded graph 'p_{0,23}' isomorphic to existing graph 'g_{26}'.
DG loading: loaded graph 'p_{0,24}' isomorphic to existing graph 'g_{27}'.
DG loading: loaded graph 'p_{0,25}' isomorphic to existing graph 'g_{28}'.
DG loading: loaded graph 'p_{0,26}' isomorphic to existing graph 'g_{29}'.
DG loading: loaded graph 'p_{0,27}' isomorphic to existing graph 'g_{30}'.
DG loading: loaded graph 'p_{0,28}' isomorphic to existing graph 'g_{31}'.
DG loading: loaded graph 'p_{0,29}' isomorphic to existing graph 'g_{32}'.
DG loading: loaded graph 'p_{0,30}' isomorphic to existing graph 'g_{33}'.
DG loading: loaded graph 'p_{0,31}' isomorphic to existing graph 'g_{34}'.
DG loading: loaded graph 'p_{0,32}' isomorphic to existing graph 'g_{35}'.
DG loading: loaded graph 'p_{0,33}' isomorphic to existing graph 'g_{36}'.
DG loading: loaded graph 'p_{0,34}' isomorphic to existing graph 'g_{37}'.
DG loading: loaded graph 'p_{0,35}' isomorphic to existing graph 'g_{38}'.
DG loading: loaded graph 'p_{0,36}' isomorphic to existing graph 'g_{39}'.
DG loading: loaded graph 'p_{0,37}' isomorphic to existing graph 'g_{40}'.
DG loading: loaded graph 'p_{0,38}' isomorphic to existing graph 'g_{41}'.
DG loading: loaded graph 'p_{0,39}' isomorphic to existing graph 'g_{42}'.
DG loading: loaded graph 'p_{0,40}' isomorphic to existing graph 'g_{43}'.
DG loading: loaded graph 'p_{0,41}' isomorphic to existing graph 'g_{44}'.
DG loading: loaded graph 'p_{0,42}' isomorphic to existing graph 'g_{45}'.
DG loading: loaded graph 'p_{0,43}' isomorphic to existing graph 'g_{46}'.
DG loading: loaded graph 'p_{0,44}' isomorphic to existing graph 'g_{47}'.
DG loading: loaded graph 'p_{0,45}' isomorphic to existing graph 'g_{48}'.
DG loading: loaded graph 'p_{0,46}' isomorphic to existing graph 'g_{49}'.
DG loading: loaded graph 'p_{0,47}' isomorphic to existing graph 'g_{50}'.
DG loading: loaded graph 'p_{0,48}' isomorphic to existing graph 'g_{51}'.

backward

Repeat, limit = 5
  Round 1:
  Round 1: Result subset has 34 graphs.
  Round 2:
[2026-04-17T13:44:21.933] error: Detected 1 oom_kill event in StepId=2600377.0. Some of the step tasks have been OOM Killed.
srun: error: node-g04: task 0: Out Of Memory
Command exited with non-zero status 1
	Command being timed: "srun --cpu-bind=cores python /lisc/home/user/reiser/Nextcloud/studium/computationalScience/thesis/mol/src/data_generation/main.py --smiles CCCCCC(=O)O --name caproic_acid --output-dir /lisc/home/user/reiser/Nextcloud/studium/computationalScience/thesis/mol/data/processed/ --spectra-folder /lisc/home/user/reiser/Nextcloud/studium/computationalScience/thesis/mol/data/nist_spectra --number-threads 1 --subgroup-diag --avoid-reprocessing"
	User time (seconds): 0.01
	System time (seconds): 0.01
	Percent of CPU this job got: 0%
	Elapsed (wall clock) time (h:mm:ss or m:ss): 1:02:39
	Average shared text size (kbytes): 0
	Average unshared data size (kbytes): 0
	Average stack size (kbytes): 0
	Average total size (kbytes): 0
	Maximum resident set size (kbytes): 10752
	Average resident set size (kbytes): 0
	Major (requiring I/O) page faults: 0
	Minor (reclaiming a frame) page faults: 1395
	Voluntary context switches: 495
	Involuntary context switches: 99
	Swaps: 0
	File system inputs: 0
	File system outputs: 0
	Socket messages sent: 0
	Socket messages received: 0
	Signals delivered: 0
	Page size (bytes): 4096
	Exit status: 1
