##LiSC job info: the temporary directory of your job is also available read-only until 3 days after job end on the login nodes (login01/login02) under this path: /lisc/slurm/node-h01/tmp/slurm-2600400
1 threads requested
Using 1 threads
WARNING: No viable geometries for O with bonds D = 1.
WARNING: No viable geometries for O with bonds D = 1.
WARNING: No viable geometries for O with bonds S = 2.
WARNING: No viable geometries for O with bonds S = 2.
WARNING: No viable geometries for O with bonds S = 2.
WARNING: No viable geometries for O with bonds S = 2.

mol spectrum of uridine

forward

  Forward dump /lisc/home/user/reiser/Nextcloud/studium/computationalScience/thesis/mol/data/processed/fwd/uridine.dmp exists, skipping...
DG loading: loaded rule 'deprotonation radical §Y2, term' isomorphic to existing rule 'deprotonation radical §Y2, term'.
DG loading: loaded rule 'deprotonation proton §Y2, term' isomorphic to existing rule 'deprotonation proton §Y2, term'.
DG loading: loaded rule 'radical induced (alpha-)clevage for a saturated site 4.10 §Y1, term' isomorphic to existing rule 'radical induced (alpha-)clevage for a saturated site 4.10 §Y1, term'.
DG loading: loaded rule 'inductive cleavage odd electron 1 4.18 §R1Y2, term' isomorphic to existing rule 'inductive cleavage odd electron 1 4.18 §R1Y2, term'.
DG loading: loaded rule 'inductive cleavage even electron 4.28 step 1 chemical ionization §R1, term' isomorphic to existing rule 'inductive cleavage even electron 4.28 step 1 chemical ionization §R1, term'.
DG loading: loaded rule 'inductive cleavage even electron 4.28 step 2 inductive §R1, term' isomorphic to existing rule 'inductive cleavage even electron 4.28 step 2 inductive §R1, term'.
DG loading: loaded graph 'uridine, term' isomorphic to existing graph 'g_{2}'.
DG loading: loaded graph 'p_{0,0}' isomorphic to existing graph 'g_{3}'.
DG loading: loaded graph 'p_{0,1}' isomorphic to existing graph 'g_{4}'.
DG loading: loaded graph 'p_{0,2}' isomorphic to existing graph 'g_{5}'.
DG loading: loaded graph 'p_{0,3}' isomorphic to existing graph 'g_{6}'.
DG loading: loaded graph 'p_{0,4}' isomorphic to existing graph 'g_{7}'.
DG loading: loaded graph 'p_{0,5}' isomorphic to existing graph 'g_{8}'.
DG loading: loaded graph 'p_{0,6}' isomorphic to existing graph 'g_{9}'.
DG loading: loaded graph 'p_{0,7}' isomorphic to existing graph 'g_{10}'.
DG loading: loaded graph 'p_{0,8}' isomorphic to existing graph 'g_{11}'.
DG loading: loaded graph 'p_{0,9}' isomorphic to existing graph 'g_{12}'.
DG loading: loaded graph 'p_{0,10}' isomorphic to existing graph 'g_{13}'.
DG loading: loaded graph 'p_{0,11}' isomorphic to existing graph 'g_{14}'.
DG loading: loaded graph 'p_{0,12}' isomorphic to existing graph 'g_{15}'.
DG loading: loaded graph 'p_{0,13}' isomorphic to existing graph 'g_{16}'.
DG loading: loaded graph 'p_{0,14}' isomorphic to existing graph 'g_{17}'.
DG loading: loaded graph 'p_{0,15}' isomorphic to existing graph 'g_{18}'.
DG loading: loaded graph 'p_{0,16}' isomorphic to existing graph 'g_{19}'.
DG loading: loaded graph 'p_{0,17}' isomorphic to existing graph 'g_{20}'.
DG loading: loaded graph 'p_{0,18}' isomorphic to existing graph 'g_{21}'.
DG loading: loaded graph 'p_{0,19}' isomorphic to existing graph 'g_{22}'.
DG loading: loaded graph 'p_{0,20}' isomorphic to existing graph 'g_{23}'.
DG loading: loaded graph 'p_{0,21}' isomorphic to existing graph 'g_{24}'.
DG loading: loaded graph 'p_{0,22}' isomorphic to existing graph 'g_{25}'.
DG loading: loaded graph 'p_{0,23}' isomorphic to existing graph 'g_{26}'.
DG loading: loaded graph 'p_{0,24}' isomorphic to existing graph 'g_{27}'.
DG loading: loaded graph 'p_{0,25}' isomorphic to existing graph 'g_{28}'.
DG loading: loaded graph 'p_{0,26}' isomorphic to existing graph 'g_{29}'.
DG loading: loaded graph 'p_{0,27}' isomorphic to existing graph 'g_{30}'.
DG loading: loaded graph 'p_{0,28}' isomorphic to existing graph 'g_{31}'.
DG loading: loaded graph 'p_{0,29}' isomorphic to existing graph 'g_{32}'.
DG loading: loaded graph 'p_{0,30}' isomorphic to existing graph 'g_{33}'.
DG loading: loaded graph 'p_{0,31}' isomorphic to existing graph 'g_{34}'.
DG loading: loaded graph 'p_{0,32}' isomorphic to existing graph 'g_{35}'.
DG loading: loaded graph 'p_{0,33}' isomorphic to existing graph 'g_{36}'.
DG loading: loaded graph 'p_{0,34}' isomorphic to existing graph 'g_{37}'.
DG loading: loaded graph 'p_{0,35}' isomorphic to existing graph 'g_{38}'.
DG loading: loaded graph 'p_{0,36}' isomorphic to existing graph 'g_{39}'.
DG loading: loaded graph 'p_{0,37}' isomorphic to existing graph 'g_{40}'.
DG loading: loaded graph 'p_{0,38}' isomorphic to existing graph 'g_{41}'.
DG loading: loaded graph 'p_{0,39}' isomorphic to existing graph 'g_{42}'.
DG loading: loaded graph 'p_{0,40}' isomorphic to existing graph 'g_{43}'.
DG loading: loaded graph 'p_{0,41}' isomorphic to existing graph 'g_{44}'.
DG loading: loaded graph 'p_{0,42}' isomorphic to existing graph 'g_{45}'.
DG loading: loaded graph 'p_{0,43}' isomorphic to existing graph 'g_{46}'.
DG loading: loaded graph 'p_{0,44}' isomorphic to existing graph 'g_{47}'.
DG loading: loaded graph 'p_{0,45}' isomorphic to existing graph 'g_{48}'.
DG loading: loaded graph 'p_{0,46}' isomorphic to existing graph 'g_{49}'.
DG loading: loaded graph 'p_{0,47}' isomorphic to existing graph 'g_{50}'.
DG loading: loaded graph 'p_{0,48}' isomorphic to existing graph 'g_{51}'.
DG loading: loaded graph 'p_{0,49}' isomorphic to existing graph 'g_{52}'.
DG loading: loaded graph 'p_{0,50}' isomorphic to existing graph 'g_{53}'.
DG loading: loaded graph 'p_{0,51}' isomorphic to existing graph 'g_{54}'.
DG loading: loaded graph 'p_{0,52}' isomorphic to existing graph 'g_{55}'.
DG loading: loaded graph 'p_{0,53}' isomorphic to existing graph 'g_{56}'.
DG loading: loaded graph 'p_{0,54}' isomorphic to existing graph 'g_{57}'.
DG loading: loaded graph 'p_{0,55}' isomorphic to existing graph 'g_{58}'.
DG loading: loaded graph 'p_{0,56}' isomorphic to existing graph 'g_{59}'.
DG loading: loaded graph 'p_{0,57}' isomorphic to existing graph 'g_{60}'.
DG loading: loaded graph 'p_{0,58}' isomorphic to existing graph 'g_{61}'.
DG loading: loaded graph 'p_{0,59}' isomorphic to existing graph 'g_{62}'.
DG loading: loaded graph 'p_{0,60}' isomorphic to existing graph 'g_{63}'.
DG loading: loaded graph 'p_{0,61}' isomorphic to existing graph 'g_{64}'.
DG loading: loaded graph 'p_{0,62}' isomorphic to existing graph 'g_{65}'.
DG loading: loaded graph 'p_{0,63}' isomorphic to existing graph 'g_{66}'.
DG loading: loaded graph 'p_{0,64}' isomorphic to existing graph 'g_{67}'.
DG loading: loaded graph 'p_{0,65}' isomorphic to existing graph 'g_{68}'.
DG loading: loaded graph 'p_{0,66}' isomorphic to existing graph 'g_{69}'.
DG loading: loaded graph 'p_{0,67}' isomorphic to existing graph 'g_{70}'.
DG loading: loaded graph 'p_{0,68}' isomorphic to existing graph 'g_{71}'.
DG loading: loaded graph 'p_{0,69}' isomorphic to existing graph 'g_{72}'.
DG loading: loaded graph 'p_{0,70}' isomorphic to existing graph 'g_{73}'.
DG loading: loaded graph 'p_{0,71}' isomorphic to existing graph 'g_{74}'.
DG loading: loaded graph 'p_{0,72}' isomorphic to existing graph 'g_{75}'.
DG loading: loaded graph 'p_{0,73}' isomorphic to existing graph 'g_{76}'.
DG loading: loaded graph 'p_{0,74}' isomorphic to existing graph 'g_{77}'.
DG loading: loaded graph 'p_{0,75}' isomorphic to existing graph 'g_{78}'.
DG loading: loaded graph 'p_{0,76}' isomorphic to existing graph 'g_{79}'.
DG loading: loaded graph 'p_{0,77}' isomorphic to existing graph 'g_{80}'.
DG loading: loaded graph 'p_{0,78}' isomorphic to existing graph 'g_{81}'.
DG loading: loaded graph 'p_{0,79}' isomorphic to existing graph 'g_{82}'.
DG loading: loaded graph 'p_{0,80}' isomorphic to existing graph 'g_{83}'.
DG loading: loaded graph 'p_{0,81}' isomorphic to existing graph 'g_{84}'.
DG loading: loaded graph 'p_{0,82}' isomorphic to existing graph 'g_{85}'.
DG loading: loaded graph 'p_{0,83}' isomorphic to existing graph 'g_{86}'.
DG loading: loaded graph 'p_{0,84}' isomorphic to existing graph 'g_{87}'.
DG loading: loaded graph 'p_{0,85}' isomorphic to existing graph 'g_{88}'.
DG loading: loaded graph 'p_{0,86}' isomorphic to existing graph 'g_{89}'.
DG loading: loaded graph 'p_{0,87}' isomorphic to existing graph 'g_{90}'.
DG loading: loaded graph 'p_{0,88}' isomorphic to existing graph 'g_{91}'.
DG loading: loaded graph 'p_{0,89}' isomorphic to existing graph 'g_{92}'.
DG loading: loaded graph 'p_{0,90}' isomorphic to existing graph 'g_{93}'.
DG loading: loaded graph 'p_{0,91}' isomorphic to existing graph 'g_{94}'.
DG loading: loaded graph 'p_{0,92}' isomorphic to existing graph 'g_{95}'.
DG loading: loaded graph 'p_{0,93}' isomorphic to existing graph 'g_{96}'.
DG loading: loaded graph 'p_{0,94}' isomorphic to existing graph 'g_{97}'.
DG loading: loaded graph 'p_{0,95}' isomorphic to existing graph 'g_{98}'.
DG loading: loaded graph 'p_{0,96}' isomorphic to existing graph 'g_{99}'.
DG loading: loaded graph 'p_{0,97}' isomorphic to existing graph 'g_{100}'.
DG loading: loaded graph 'p_{0,98}' isomorphic to existing graph 'g_{101}'.
DG loading: loaded graph 'p_{0,99}' isomorphic to existing graph 'g_{102}'.
DG loading: loaded graph 'p_{0,100}' isomorphic to existing graph 'g_{103}'.
DG loading: loaded graph 'p_{0,101}' isomorphic to existing graph 'g_{104}'.
DG loading: loaded graph 'p_{0,102}' isomorphic to existing graph 'g_{105}'.
DG loading: loaded graph 'p_{0,103}' isomorphic to existing graph 'g_{106}'.
DG loading: loaded graph 'p_{0,104}' isomorphic to existing graph 'g_{107}'.
DG loading: loaded graph 'p_{0,105}' isomorphic to existing graph 'g_{108}'.
DG loading: loaded graph 'p_{0,106}' isomorphic to existing graph 'g_{109}'.
DG loading: loaded graph 'p_{0,107}' isomorphic to existing graph 'g_{110}'.
DG loading: loaded graph 'p_{0,108}' isomorphic to existing graph 'g_{111}'.
DG loading: loaded graph 'p_{0,109}' isomorphic to existing graph 'g_{112}'.
DG loading: loaded graph 'p_{0,110}' isomorphic to existing graph 'g_{113}'.
DG loading: loaded graph 'p_{0,111}' isomorphic to existing graph 'g_{114}'.
DG loading: loaded graph 'p_{0,112}' isomorphic to existing graph 'g_{115}'.
DG loading: loaded graph 'p_{0,113}' isomorphic to existing graph 'g_{116}'.
DG loading: loaded graph 'p_{0,114}' isomorphic to existing graph 'g_{117}'.
DG loading: loaded graph 'p_{0,115}' isomorphic to existing graph 'g_{118}'.
DG loading: loaded graph 'p_{0,116}' isomorphic to existing graph 'g_{119}'.
DG loading: loaded graph 'p_{0,117}' isomorphic to existing graph 'g_{120}'.
DG loading: loaded graph 'p_{0,118}' isomorphic to existing graph 'g_{121}'.

backward

Repeat, limit = 5
  Round 1:
  Round 1: Result subset has 114 graphs.
  Round 2:
[2026-04-17T14:11:52.019] error: *** STEP 2600400.0 ON node-h01 CANCELLED AT 2026-04-17T14:11:52 DUE TO TIME LIMIT ***
