##LiSC job info: the temporary directory of your job is also available read-only until 3 days after job end on the login nodes (login01/login02) under this path: /lisc/slurm/node-g04/tmp/slurm-2600423
1 threads requested
Using 1 threads
Traceback (most recent call last):
  File "/lisc/home/user/reiser/Nextcloud/studium/computationalScience/thesis/mol/src/data_generation/main.py", line 39, in <module>
    molecule = mod.Graph.fromSMILES(args.smiles, args.name)
  File "/lisc/data/scratch/tbi/reiser/pyenv/lib/mod/__init__.py", line 782, in _Graph_fromSMILES
    return _graphLoad(_Graph_fromSMILES_orig(                      s, allowAbstract, classPolicy, printStereoWarnings), name, add)
mod.libpymod.InputError: Error in loading from inline SMILES string.
Error in SMILES conversion: unclosed rings (3)

srun: error: node-g04: task 0: Exited with exit code 1
Command exited with non-zero status 1
	Command being timed: "srun --cpu-bind=cores python /lisc/home/user/reiser/Nextcloud/studium/computationalScience/thesis/mol/src/data_generation/main.py --smiles NC1=NC(=O)NC2=NC=CC=C12N=C3NCC(=O)OCCCC(=O)O --name folic_acid --output-dir /lisc/home/user/reiser/Nextcloud/studium/computationalScience/thesis/mol/data/processed/ --spectra-folder /lisc/home/user/reiser/Nextcloud/studium/computationalScience/thesis/mol/data/nist_spectra --number-threads 1 --subgroup-diag --avoid-reprocessing"
	User time (seconds): 0.00
	System time (seconds): 0.00
	Percent of CPU this job got: 0%
	Elapsed (wall clock) time (h:mm:ss or m:ss): 0:02.26
	Average shared text size (kbytes): 0
	Average unshared data size (kbytes): 0
	Average stack size (kbytes): 0
	Average total size (kbytes): 0
	Maximum resident set size (kbytes): 10752
	Average resident set size (kbytes): 0
	Major (requiring I/O) page faults: 0
	Minor (reclaiming a frame) page faults: 1395
	Voluntary context switches: 52
	Involuntary context switches: 13
	Swaps: 0
	File system inputs: 0
	File system outputs: 0
	Socket messages sent: 0
	Socket messages received: 0
	Signals delivered: 0
	Page size (bytes): 4096
	Exit status: 1
