##LiSC job info: the temporary directory of your job is also available read-only until 3 days after job end on the login nodes (login01/login02) under this path: /lisc/slurm/node-h07/tmp/slurm-2600329
1 threads requested
Using 1 threads

mol spectrum of benzophenone

forward

  Forward dump /lisc/home/user/reiser/Nextcloud/studium/computationalScience/thesis/mol/data/processed/fwd/benzophenone.dmp exists, skipping...
DG loading: loaded rule 'BA 92-91 §R1, term' isomorphic to existing rule 'BA 92-91 §R1, term'.
DG loading: loaded rule 'BA 92-77 §R1, term' isomorphic to existing rule 'BA 92-77 §R1, term'.
DG loading: loaded rule 'deprotonation radical §Y2, term' isomorphic to existing rule 'deprotonation radical §Y2, term'.
DG loading: loaded rule 'deprotonation proton §Y2, term' isomorphic to existing rule 'deprotonation proton §Y2, term'.
DG loading: loaded rule 'BA 77-51, term' isomorphic to existing rule 'BA 77-51, term'.
DG loading: loaded graph 'benzophenone, term' isomorphic to existing graph 'g_{2}'.
DG loading: loaded graph 'p_{0,0}' isomorphic to existing graph 'g_{3}'.
DG loading: loaded graph 'p_{0,1}' isomorphic to existing graph 'g_{4}'.
DG loading: loaded graph 'p_{0,2}' isomorphic to existing graph 'g_{5}'.
DG loading: loaded graph 'p_{0,3}' isomorphic to existing graph 'g_{6}'.
DG loading: loaded graph 'p_{0,4}' isomorphic to existing graph 'g_{7}'.
DG loading: loaded graph 'p_{0,5}' isomorphic to existing graph 'g_{8}'.
DG loading: loaded graph 'p_{0,6}' isomorphic to existing graph 'g_{9}'.
DG loading: loaded graph 'p_{0,7}' isomorphic to existing graph 'g_{10}'.
DG loading: loaded graph 'p_{0,8}' isomorphic to existing graph 'g_{11}'.
DG loading: loaded graph 'p_{0,9}' isomorphic to existing graph 'g_{12}'.
DG loading: loaded graph 'p_{0,10}' isomorphic to existing graph 'g_{13}'.
DG loading: loaded graph 'p_{0,11}' isomorphic to existing graph 'g_{14}'.
DG loading: loaded graph 'p_{0,12}' isomorphic to existing graph 'g_{15}'.
DG loading: loaded graph 'p_{0,13}' isomorphic to existing graph 'g_{16}'.
DG loading: loaded graph 'p_{0,14}' isomorphic to existing graph 'g_{17}'.
DG loading: loaded graph 'p_{0,15}' isomorphic to existing graph 'g_{18}'.
DG loading: loaded graph 'p_{0,16}' isomorphic to existing graph 'g_{19}'.
DG loading: loaded graph 'p_{0,17}' isomorphic to existing graph 'g_{20}'.
DG loading: loaded graph 'p_{0,18}' isomorphic to existing graph 'g_{21}'.
DG loading: loaded graph 'p_{0,19}' isomorphic to existing graph 'g_{22}'.
DG loading: loaded graph 'p_{0,20}' isomorphic to existing graph 'g_{23}'.

backward

Repeat, limit = 5
  Round 1:
  Round 1: Result subset has 46 graphs.
  Round 2:
  Round 2: Result subset has 65 graphs.
  Round 3:
[2026-04-17T14:11:52.004] error: *** STEP 2600329.0 ON node-h07 CANCELLED AT 2026-04-17T14:11:52 DUE TO TIME LIMIT ***
