##LiSC job info: the temporary directory of your job is also available read-only until 3 days after job end on the login nodes (login01/login02) under this path: /lisc/slurm/node-h05/tmp/slurm-2600354
1 threads requested
Using 1 threads

mol spectrum of hexamethylcyclotrisiloxane

forward

  Forward dump /lisc/home/user/reiser/Nextcloud/studium/computationalScience/thesis/mol/data/processed/fwd/hexamethylcyclotrisiloxane.dmp exists, skipping...
DG loading: loaded rule 'deprotonation radical §Y2, term' isomorphic to existing rule 'deprotonation radical §Y2, term'.
DG loading: loaded rule 'deprotonation proton §Y2, term' isomorphic to existing rule 'deprotonation proton §Y2, term'.
DG loading: loaded graph 'hexamethylcyclotrisiloxane, term' isomorphic to existing graph 'g_{2}'.
DG loading: loaded graph 'p_{0,0}' isomorphic to existing graph 'g_{3}'.
DG loading: loaded graph 'p_{0,1}' isomorphic to existing graph 'g_{4}'.
DG loading: loaded graph 'p_{0,2}' isomorphic to existing graph 'g_{5}'.
DG loading: loaded graph 'p_{0,3}' isomorphic to existing graph 'g_{6}'.

backward

Repeat, limit = 5
  Round 1:
[2026-04-17T12:44:22.030] error: Detected 1 oom_kill event in StepId=2600354.0. Some of the step tasks have been OOM Killed.
srun: error: node-h05: task 0: Out Of Memory
Command exited with non-zero status 1
	Command being timed: "srun --cpu-bind=cores python /lisc/home/user/reiser/Nextcloud/studium/computationalScience/thesis/mol/src/data_generation/main.py --smiles C[Si](O[Si](C)(C)C)(C)C --name hexamethylcyclotrisiloxane --output-dir /lisc/home/user/reiser/Nextcloud/studium/computationalScience/thesis/mol/data/processed/ --spectra-folder /lisc/home/user/reiser/Nextcloud/studium/computationalScience/thesis/mol/data/nist_spectra --number-threads 1 --subgroup-diag --avoid-reprocessing"
	User time (seconds): 0.00
	System time (seconds): 0.01
	Percent of CPU this job got: 0%
	Elapsed (wall clock) time (h:mm:ss or m:ss): 2:43.36
	Average shared text size (kbytes): 0
	Average unshared data size (kbytes): 0
	Average stack size (kbytes): 0
	Average total size (kbytes): 0
	Maximum resident set size (kbytes): 9216
	Average resident set size (kbytes): 0
	Major (requiring I/O) page faults: 18
	Minor (reclaiming a frame) page faults: 1393
	Voluntary context switches: 91
	Involuntary context switches: 10
	Swaps: 0
	File system inputs: 0
	File system outputs: 0
	Socket messages sent: 0
	Socket messages received: 0
	Signals delivered: 0
	Page size (bytes): 4096
	Exit status: 1
