##LiSC job info: the temporary directory of your job is also available read-only until 3 days after job end on the login nodes (login01/login02) under this path: /lisc/slurm/node-g06/tmp/slurm-2600364
1 threads requested
Using 1 threads

mol spectrum of phenylalanine

forward

Traceback (most recent call last):
  File "/lisc/home/user/reiser/Nextcloud/studium/computationalScience/thesis/mol/src/data_generation/main.py", line 65, in <module>
    dg_fwd = mod.DG(
  File "/lisc/data/scratch/tbi/reiser/pyenv/lib/mod/__init__.py", line 281, in _DG__init__
    return _DG__init__old(self,  # type: ignore
mod.libpymod.TermParsingError: Parsing failed for graph 'phenylalanine, term' in graph database. Parsing failed at 1:4:
e(__error2)
---^
Expected identifier.
srun: error: node-g06: task 0: Exited with exit code 1
Command exited with non-zero status 1
	Command being timed: "srun --cpu-bind=cores python /lisc/home/user/reiser/Nextcloud/studium/computationalScience/thesis/mol/src/data_generation/main.py --smiles NC(Cc1ccccc1)C(=O)O --name phenylalanine --output-dir /lisc/home/user/reiser/Nextcloud/studium/computationalScience/thesis/mol/data/processed/ --spectra-folder /lisc/home/user/reiser/Nextcloud/studium/computationalScience/thesis/mol/data/nist_spectra --number-threads 1 --subgroup-diag --avoid-reprocessing"
	User time (seconds): 0.00
	System time (seconds): 0.00
	Percent of CPU this job got: 0%
	Elapsed (wall clock) time (h:mm:ss or m:ss): 0:03.62
	Average shared text size (kbytes): 0
	Average unshared data size (kbytes): 0
	Average stack size (kbytes): 0
	Average total size (kbytes): 0
	Maximum resident set size (kbytes): 10240
	Average resident set size (kbytes): 0
	Major (requiring I/O) page faults: 0
	Minor (reclaiming a frame) page faults: 1402
	Voluntary context switches: 55
	Involuntary context switches: 8
	Swaps: 0
	File system inputs: 0
	File system outputs: 0
	Socket messages sent: 0
	Socket messages received: 0
	Signals delivered: 0
	Page size (bytes): 4096
	Exit status: 1
